src/components/layout/Footer.tsx(6,11): error TS2339: Property 'settings' does not exist on type '{}'.
src/components/layout/Footer.tsx(157,22): error TS7031: Binding element 'title' implicitly has an 'any' type.
src/components/layout/Footer.tsx(157,29): error TS7031: Binding element 'links' implicitly has an 'any' type.
src/components/layout/Footer.tsx(168,20): error TS7006: Parameter 'link' implicitly has an 'any' type.
src/components/layout/MemberSidebar.tsx(3,26): error TS7016: Could not find a declaration file for module '../../utils/supabase'. 'C:/Users/dbray/samriddhi-it-club/frontend/src/utils/supabase.js' implicitly has an 'any' type.
src/components/layout/MemberSidebar.tsx(45,23): error TS7006: Parameter 'profile' implicitly has an 'any' type.
src/components/layout/MemberSidebar.tsx(54,23): error TS7006: Parameter 'profile' implicitly has an 'any' type.
src/components/layout/MemberSidebar.tsx(60,22): error TS7006: Parameter 'name' implicitly has an 'any' type.
src/components/layout/MemberSidebar.tsx(62,30): error TS7006: Parameter 'n' implicitly has an 'any' type.
src/components/layout/MemberSidebar.tsx(92,21): error TS2339: Property 'photo_url' does not exist on type 'User'.
src/components/layout/MemberSidebar.tsx(94,28): error TS2339: Property 'photo_url' does not exist on type 'User'.
src/components/layout/MemberSidebar.tsx(113,19): error TS2339: Property 'member_id' does not exist on type 'User'.
src/components/layout/MemberSidebar.tsx(116,130): error TS2339: Property 'member_id' does not exist on type 'User'.
src/components/layout/MemberSidebar.tsx(133,54): error TS7053: Element implicitly has an 'any' type because expression of type 'string' can't be used to index type '{ grid: Element; user: Element; calendar: Element; bell: Element; users: Element; edit: Element; briefcase: Element; code: Element; image: Element; }'.
  No index signature with a parameter of type 'string' was found on type '{ grid: Element; user: Element; calendar: Element; bell: Element; users: Element; edit: Element; briefcase: Element; code: Element; image: Element; }'.
src/components/layout/MemberSidebar.tsx(165,54): error TS7053: Element implicitly has an 'any' type because expression of type 'string' can't be used to index type '{ grid: Element; user: Element; calendar: Element; bell: Element; users: Element; edit: Element; briefcase: Element; code: Element; image: Element; }'.
  No index signature with a parameter of type 'string' was found on type '{ grid: Element; user: Element; calendar: Element; bell: Element; users: Element; edit: Element; briefcase: Element; code: Element; image: Element; }'.
src/components/layout/Navbar.tsx(5,26): error TS7016: Could not find a declaration file for module '../../utils/supabase'. 'C:/Users/dbray/samriddhi-it-club/frontend/src/utils/supabase.js' implicitly has an 'any' type.
src/components/layout/Navbar.tsx(6,27): error TS7016: Could not find a declaration file for module '../../utils/constants'. 'C:/Users/dbray/samriddhi-it-club/frontend/src/utils/constants.js' implicitly has an 'any' type.
src/components/layout/Navbar.tsx(10,11): error TS2339: Property 'settings' does not exist on type '{}'.
src/components/layout/Navbar.tsx(28,22): error TS7006: Parameter 'e' implicitly has an 'any' type.
src/components/layout/Navbar.tsx(29,55): error TS2339: Property 'contains' does not exist on type 'never'.
src/components/layout/Navbar.tsx(50,24): error TS7006: Parameter 'name' implicitly has an 'any' type.
src/components/layout/Navbar.tsx(52,32): error TS7006: Parameter 'n' implicitly has an 'any' type.
src/components/layout/Navbar.tsx(101,29): error TS7006: Parameter 'link' implicitly has an 'any' type.
src/components/layout/Navbar.tsx(157,29): error TS2339: Property 'photo_url' does not exist on type 'User'.
src/components/layout/Navbar.tsx(159,36): error TS2339: Property 'photo_url' does not exist on type 'User'.
src/components/layout/Navbar.tsx(332,27): error TS7006: Parameter 'link' implicitly has an 'any' type.
src/components/layout/Navbar.tsx(380,25): error TS7031: Binding element 'to' implicitly has an 'any' type.
src/components/layout/Navbar.tsx(380,29): error TS7031: Binding element 'icon' implicitly has an 'any' type.
src/components/layout/Navbar.tsx(380,35): error TS7031: Binding element 'label' implicitly has an 'any' type.
src/components/layout/Navbar.tsx(380,42): error TS7031: Binding element 'onClick' implicitly has an 'any' type.
src/components/layout/OCLayout.tsx(4,26): error TS7016: Could not find a declaration file for module '../../utils/supabase'. 'C:/Users/dbray/samriddhi-it-club/frontend/src/utils/supabase.js' implicitly has an 'any' type.
src/components/layout/OCSidebar.tsx(63,11): error TS2339: Property 'settings' does not exist on type '{}'.
src/components/layout/OCSidebar.tsx(133,41): error TS2538: Type 'undefined' cannot be used as an index type.
src/components/layout/OCSidebar.tsx(150,52): error TS7053: Element implicitly has an 'any' type because expression of type 'string' can't be used to index type '{ grid: Element; 'bar-chart': Element; mail: Element; users: Element; 'file-text': Element; 'user-plus': Element; calendar: Element; ... 7 more ...; settings: Element; }'.
  No index signature with a parameter of type 'string' was found on type '{ grid: Element; 'bar-chart': Element; mail: Element; users: Element; 'file-text': Element; 'user-plus': Element; calendar: Element; ... 7 more ...; settings: Element; }'.
src/components/shared/OCProtectedRoute.test.tsx(7,16): error TS7031: Binding element 'to' implicitly has an 'any' type.
src/components/shared/OCProtectedRoute.test.tsx(26,43): error TS2339: Property 'toBeInTheDocument' does not exist on type 'Assertion<HTMLElement>'.
src/components/shared/OCProtectedRoute.test.tsx(33,22): error TS2339: Property 'toBeInTheDocument' does not exist on type 'Assertion<HTMLElement>'.
src/components/shared/OCProtectedRoute.test.tsx(34,22): error TS2339: Property 'toHaveAttribute' does not exist on type 'Assertion<HTMLElement>'.
src/components/shared/OCProtectedRoute.test.tsx(45,22): error TS2339: Property 'toBeInTheDocument' does not exist on type 'Assertion<HTMLElement>'.
src/components/shared/OCProtectedRoute.test.tsx(46,22): error TS2339: Property 'toHaveAttribute' does not exist on type 'Assertion<HTMLElement>'.
src/components/shared/OCProtectedRoute.test.tsx(56,42): error TS2339: Property 'toBeInTheDocument' does not exist on type 'Assertion<HTMLElement>'.
src/components/shared/OpportunityItem.tsx(3,43): error TS7031: Binding element 'opportunity' implicitly has an 'any' type.
src/components/shared/OpportunityItem.tsx(18,63): error TS7053: Element implicitly has an 'any' type because expression of type 'any' can't be used to index type '{ hiring: string; internship: string; hackathon: string; fellowship: string; }'.
src/components/shared/ProjectCard.tsx(3,39): error TS7031: Binding element 'project' implicitly has an 'any' type.
src/components/shared/ProjectCard.tsx(30,51): error TS7006: Parameter 't' implicitly has an 'any' type.
src/components/shared/ResourceCard.tsx(3,40): error TS7031: Binding element 'resource' implicitly has an 'any' type.
src/components/shared/ResourceCard.tsx(19,14): error TS7053: Element implicitly has an 'any' type because expression of type 'any' can't be used to index type '{ article: Element; video: Element; course: Element; github: Element; }'.
src/components/shared/TeamMemberCard.tsx(3,42): error TS7031: Binding element 'member' implicitly has an 'any' type.
src/components/shared/TeamMemberCard.tsx(4,11): error TS2339: Property 'settings' does not exist on type '{}'.
src/components/ui/Spinner.tsx(10,21): error TS7053: Element implicitly has an 'any' type because expression of type 'string' can't be used to index type '{ sm: string; md: string; lg: string; }'.
  No index signature with a parameter of type 'string' was found on type '{ sm: string; md: string; lg: string; }'.
src/context/AuthContext.tsx(2,26): error TS7016: Could not find a declaration file for module '../utils/supabase'. 'C:/Users/dbray/samriddhi-it-club/frontend/src/utils/supabase.js' implicitly has an 'any' type.
src/context/AuthContext.tsx(34,48): error TS7031: Binding element 'session' implicitly has an 'any' type.
src/context/AuthContext.tsx(42,8): error TS7006: Parameter '_event' implicitly has an 'any' type.
src/context/AuthContext.tsx(42,16): error TS7006: Parameter 'session' implicitly has an 'any' type.
src/context/SiteContext.tsx(2,26): error TS7016: Could not find a declaration file for module '../utils/supabase'. 'C:/Users/dbray/samriddhi-it-club/frontend/src/utils/supabase.js' implicitly has an 'any' type.
src/context/SiteContext.tsx(24,32): error TS7031: Binding element 'children' implicitly has an 'any' type.
src/main.tsx(11,12): error TS2345: Argument of type 'HTMLElement | null' is not assignable to parameter of type 'Container'.
  Type 'null' is not assignable to type 'Container'.
src/pages/auth/Apply.tsx(3,26): error TS7016: Could not find a declaration file for module '../../utils/supabase'. 'C:/Users/dbray/samriddhi-it-club/frontend/src/utils/supabase.js' implicitly has an 'any' type.
src/pages/auth/Apply.tsx(7,11): error TS2339: Property 'settings' does not exist on type '{}'.
src/pages/auth/Apply.tsx(42,31): error TS7006: Parameter 'e' implicitly has an 'any' type.
src/pages/auth/Apply.tsx(194,38): error TS2339: Property 'id' does not exist on type 'never'.
src/pages/auth/Apply.tsx(194,51): error TS2339: Property 'id' does not exist on type 'never'.
src/pages/auth/Apply.tsx(194,112): error TS2339: Property 'title' does not exist on type 'never'.
src/pages/auth/ForgotPassword.tsx(3,26): error TS7016: Could not find a declaration file for module '../../utils/supabase'. 'C:/Users/dbray/samriddhi-it-club/frontend/src/utils/supabase.js' implicitly has an 'any' type.
src/pages/auth/ForgotPassword.tsx(11,30): error TS7006: Parameter 'e' implicitly has an 'any' type.
src/pages/auth/Login.test.tsx(23,26): error TS7016: Could not find a declaration file for module '../../utils/supabase'. 'C:/Users/dbray/samriddhi-it-club/frontend/src/utils/supabase.js' implicitly has an 'any' type.
src/pages/auth/Login.test.tsx(43,61): error TS2339: Property 'toBeInTheDocument' does not exist on type 'Assertion<HTMLElement>'.
src/pages/auth/Login.test.tsx(44,54): error TS2339: Property 'toBeInTheDocument' does not exist on type 'Assertion<HTMLElement>'.
src/pages/auth/Login.test.tsx(45,62): error TS2339: Property 'toBeInTheDocument' does not exist on type 'Assertion<HTMLElement>'.
src/pages/auth/Login.tsx(3,26): error TS7016: Could not find a declaration file for module '../../utils/supabase'. 'C:/Users/dbray/samriddhi-it-club/frontend/src/utils/supabase.js' implicitly has an 'any' type.
src/pages/auth/Login.tsx(14,30): error TS7006: Parameter 'e' implicitly has an 'any' type.
src/pages/auth/Signup.tsx(3,26): error TS7016: Could not find a declaration file for module '../../utils/supabase'. 'C:/Users/dbray/samriddhi-it-club/frontend/src/utils/supabase.js' implicitly has an 'any' type.
src/pages/auth/Signup.tsx(27,39): error TS7006: Parameter 'e' implicitly has an 'any' type.
src/pages/auth/Signup.tsx(74,15): error TS2322: Type '{ fontFamily: string; fontSize: number; fontWeight: number; color: string; textTransform: string; marginBottom: number; textAlign: string; }' is not assignable to type 'Properties<string | number, string & {}>'.
  Types of property 'textAlign' are incompatible.
    Type 'string' is not assignable to type 'TextAlign | undefined'.
src/pages/auth/Signup.tsx(75,14): error TS2322: Type '{ color: string; fontSize: number; textAlign: string; lineHeight: number; }' is not assignable to type 'Properties<string | number, string & {}>'.
  Types of property 'textAlign' are incompatible.
    Type 'string' is not assignable to type 'TextAlign | undefined'.
src/pages/auth/Signup.tsx(85,15): error TS2322: Type '{ fontFamily: string; fontSize: number; fontWeight: number; color: string; textTransform: string; marginBottom: number; textAlign: string; }' is not assignable to type 'Properties<string | number, string & {}>'.
  Types of property 'textAlign' are incompatible.
    Type 'string' is not assignable to type 'TextAlign | undefined'.
src/pages/auth/Signup.tsx(86,14): error TS2322: Type '{ color: string; fontSize: number; textAlign: string; lineHeight: number; }' is not assignable to type 'Properties<string | number, string & {}>'.
  Types of property 'textAlign' are incompatible.
    Type 'string' is not assignable to type 'TextAlign | undefined'.
src/pages/member/Dashboard.tsx(3,26): error TS7016: Could not find a declaration file for module '../../utils/supabase'. 'C:/Users/dbray/samriddhi-it-club/frontend/src/utils/supabase.js' implicitly has an 'any' type.
src/pages/member/Dashboard.tsx(10,11): error TS2339: Property 'settings' does not exist on type '{}'.
src/pages/member/Dashboard.tsx(37,35): error TS7006: Parameter 'registrationId' implicitly has an 'any' type.
src/pages/member/Dashboard.tsx(40,35): error TS2559: Type 'any[]' has no properties in common with type 'InvalidateQueryFilters<readonly unknown[]>'.
src/pages/member/Dashboard.tsx(43,41): error TS7006: Parameter 'r' implicitly has an 'any' type.
src/pages/member/Dashboard.tsx(44,37): error TS7006: Parameter 'r' implicitly has an 'any' type.
src/pages/member/Dashboard.tsx(85,27): error TS2339: Property 'member_id' does not exist on type 'User'.
src/pages/member/Dashboard.tsx(112,41): error TS7006: Parameter 'reg' implicitly has an 'any' type.
src/pages/member/Dashboard.tsx(115,87): error TS7053: Element implicitly has an 'any' type because expression of type 'any' can't be used to index type '{ hackathon: string; workshop: string; seminar: string; bootcamp: string; social: string; }'.
src/pages/member/Dashboard.tsx(149,14): error TS2739: Type '{ message: string; sub: string; }' is missing the following properties from type '{ message: any; sub: any; linkTo: any; linkLabel: any; }': linkTo, linkLabel
src/pages/member/Dashboard.tsx(152,28): error TS7006: Parameter 'notice' implicitly has an 'any' type.
src/pages/member/Dashboard.tsx(175,29): error TS2339: Property 'bio' does not exist on type 'User'.
src/pages/member/Dashboard.tsx(175,45): error TS2339: Property 'photo_url' does not exist on type 'User'.
src/pages/member/Dashboard.tsx(175,67): error TS2339: Property 'skills' does not exist on type 'User'.
src/pages/member/Dashboard.tsx(194,21): error TS7031: Binding element 'label' implicitly has an 'any' type.
src/pages/member/Dashboard.tsx(194,28): error TS7031: Binding element 'value' implicitly has an 'any' type.
src/pages/member/Dashboard.tsx(194,35): error TS7031: Binding element 'color' implicitly has an 'any' type.
src/pages/member/Dashboard.tsx(194,42): error TS7031: Binding element 'icon' implicitly has an 'any' type.
src/pages/member/Dashboard.tsx(209,22): error TS7031: Binding element 'message' implicitly has an 'any' type.
src/pages/member/Dashboard.tsx(209,31): error TS7031: Binding element 'sub' implicitly has an 'any' type.
src/pages/member/Dashboard.tsx(209,36): error TS7031: Binding element 'linkTo' implicitly has an 'any' type.
src/pages/member/Dashboard.tsx(209,44): error TS7031: Binding element 'linkLabel' implicitly has an 'any' type.
src/pages/member/Gallery.tsx(2,26): error TS7016: Could not find a declaration file for module '../../utils/supabase'. 'C:/Users/dbray/samriddhi-it-club/frontend/src/utils/supabase.js' implicitly has an 'any' type.
src/pages/member/Gallery.tsx(36,31): error TS7006: Parameter 'e' implicitly has an 'any' type.
src/pages/member/Gallery.tsx(61,24): error TS18047: 'profile' is possibly 'null'.
src/pages/member/Gallery.tsx(75,31): error TS7006: Parameter 'id' implicitly has an 'any' type.
src/pages/member/Gallery.tsx(96,45): error TS2339: Property 'click' does not exist on type 'never'.
src/pages/member/Gallery.tsx(126,27): error TS2339: Property 'id' does not exist on type 'never'.
src/pages/member/Gallery.tsx(127,29): error TS2339: Property 'image_url' does not exist on type 'never'.
src/pages/member/Gallery.tsx(127,49): error TS2339: Property 'caption' does not exist on type 'never'.
src/pages/member/Gallery.tsx(129,99): error TS2339: Property 'caption' does not exist on type 'never'.
src/pages/member/Gallery.tsx(130,51): error TS2339: Property 'profiles' does not exist on type 'never'.
src/pages/member/Gallery.tsx(132,36): error TS2339: Property 'uploaded_by' does not exist on type 'never'.
src/pages/member/Gallery.tsx(132,52): error TS18047: 'profile' is possibly 'null'.
src/pages/member/Gallery.tsx(134,75): error TS2339: Property 'id' does not exist on type 'never'.
src/pages/member/ManageOpportunities.tsx(2,26): error TS7016: Could not find a declaration file for module '../../utils/supabase'. 'C:/Users/dbray/samriddhi-it-club/frontend/src/utils/supabase.js' implicitly has an 'any' type.
src/pages/member/ManageOpportunities.tsx(31,24): error TS18047: 'profile' is possibly 'null'.
src/pages/member/ManageOpportunities.tsx(47,26): error TS2345: Argument of type '(prev: never[]) => any[]' is not assignable to parameter of type 'SetStateAction<never[]>'.
  Type '(prev: never[]) => any[]' is not assignable to type '(prevState: never[]) => never[]'.
    Type 'any[]' is not assignable to type 'never[]'.
      Type 'any' is not assignable to type 'never'.
src/pages/member/ManageOpportunities.tsx(47,50): error TS2339: Property 'id' does not exist on type 'never'.
src/pages/member/ManageOpportunities.tsx(47,68): error TS2698: Spread types may only be created from object types.
src/pages/member/ManageOpportunities.tsx(51,36): error TS2345: Argument of type '(prev: never[]) => any[]' is not assignable to parameter of type 'SetStateAction<never[]>'.
  Type '(prev: never[]) => any[]' is not assignable to type '(prevState: never[]) => never[]'.
    Type 'any[]' is not assignable to type 'never[]'.
      Type 'any' is not assignable to type 'never'.
src/pages/member/ManageOpportunities.tsx(55,35): error TS18046: 'err' is of type 'unknown'.
src/pages/member/ManageOpportunities.tsx(61,31): error TS7006: Parameter 'id' implicitly has an 'any' type.
src/pages/member/ManageOpportunities.tsx(64,59): error TS2339: Property 'id' does not exist on type 'never'.
src/pages/member/ManageOpportunities.tsx(109,69): error TS7006: Parameter 'v' implicitly has an 'any' type.
src/pages/member/ManageOpportunities.tsx(110,67): error TS7006: Parameter 'v' implicitly has an 'any' type.
src/pages/member/ManageOpportunities.tsx(126,129): error TS2322: Type '{ resize: string; fontFamily: string; width: string; background: string; border: string; borderRadius: number; padding: string; color: string; fontSize: number; outline: string; }' is not assignable to type 'Properties<string | number, string & {}>'.
  Types of property 'resize' are incompatible.
    Type 'string' is not assignable to type 'Resize | undefined'.
src/pages/member/ManageOpportunities.tsx(155,90): error TS2322: Type '{ padding: string; textAlign: string; fontSize: number; fontWeight: number; color: string; textTransform: string; }' is not assignable to type 'Properties<string | number, string & {}>'.
  Types of property 'textAlign' are incompatible.
    Type 'string' is not assignable to type 'TextAlign | undefined'.
src/pages/member/ManageOpportunities.tsx(160,28): error TS2339: Property 'id' does not exist on type 'never'.
src/pages/member/ManageOpportunities.tsx(161,45): error TS2339: Property 'link' does not exist on type 'never'.
src/pages/member/ManageOpportunities.tsx(161,163): error TS2339: Property 'title' does not exist on type 'never'.
src/pages/member/ManageOpportunities.tsx(162,55): error TS2339: Property 'type' does not exist on type 'never'.
src/pages/member/ManageOpportunities.tsx(163,37): error TS2339: Property 'deadline' does not exist on type 'never'.
src/pages/member/ManageOpportunities.tsx(163,66): error TS2339: Property 'deadline' does not exist on type 'never'.
src/pages/member/ManageOpportunities.tsx(165,24): error TS2339: Property 'is_active' does not exist on type 'never'.
src/pages/member/ManageOpportunities.tsx(169,72): error TS2339: Property 'id' does not exist on type 'never'.
src/pages/member/ManageOpportunities.tsx(170,61): error TS2339: Property 'id' does not exist on type 'never'.
src/pages/member/ManageOpportunities.tsx(183,22): error TS7031: Binding element 'label' implicitly has an 'any' type.
src/pages/member/ManageOpportunities.tsx(183,29): error TS7031: Binding element 'value' implicitly has an 'any' type.
src/pages/member/ManageOpportunities.tsx(183,36): error TS7031: Binding element 'onChange' implicitly has an 'any' type.
src/pages/member/ManageProjects.tsx(2,26): error TS7016: Could not find a declaration file for module '../../utils/supabase'. 'C:/Users/dbray/samriddhi-it-club/frontend/src/utils/supabase.js' implicitly has an 'any' type.
src/pages/member/ManageProjects.tsx(33,23): error TS18047: 'profile' is possibly 'null'.
src/pages/member/ManageProjects.tsx(58,21): error TS2345: Argument of type '(prev: never[]) => any[]' is not assignable to parameter of type 'SetStateAction<never[]>'.
  Type '(prev: never[]) => any[]' is not assignable to type '(prevState: never[]) => never[]'.
    Type 'any[]' is not assignable to type 'never[]'.
      Type 'any' is not assignable to type 'never'.
src/pages/member/ManageProjects.tsx(58,45): error TS2339: Property 'id' does not exist on type 'never'.
src/pages/member/ManageProjects.tsx(58,63): error TS2698: Spread types may only be created from object types.
src/pages/member/ManageProjects.tsx(62,31): error TS2345: Argument of type '(prev: never[]) => any[]' is not assignable to parameter of type 'SetStateAction<never[]>'.
  Type '(prev: never[]) => any[]' is not assignable to type '(prevState: never[]) => never[]'.
    Type 'any[]' is not assignable to type 'never[]'.
      Type 'any' is not assignable to type 'never'.
src/pages/member/ManageProjects.tsx(66,35): error TS18046: 'err' is of type 'unknown'.
src/pages/member/ManageProjects.tsx(72,31): error TS7006: Parameter 'id' implicitly has an 'any' type.
src/pages/member/ManageProjects.tsx(75,54): error TS2339: Property 'id' does not exist on type 'never'.
src/pages/member/ManageProjects.tsx(120,69): error TS7006: Parameter 'v' implicitly has an 'any' type.
src/pages/member/ManageProjects.tsx(121,95): error TS7006: Parameter 'v' implicitly has an 'any' type.
src/pages/member/ManageProjects.tsx(123,77): error TS7006: Parameter 'v' implicitly has an 'any' type.
src/pages/member/ManageProjects.tsx(124,78): error TS7006: Parameter 'v' implicitly has an 'any' type.
src/pages/member/ManageProjects.tsx(129,27): error TS7006: Parameter 'url' implicitly has an 'any' type.
src/pages/member/ManageProjects.tsx(165,87): error TS2322: Type '{ padding: string; textAlign: string; fontSize: number; fontWeight: number; color: string; textTransform: string; }' is not assignable to type 'Properties<string | number, string & {}>'.
  Types of property 'textAlign' are incompatible.
    Type 'string' is not assignable to type 'TextAlign | undefined'.
src/pages/member/ManageProjects.tsx(170,28): error TS2339: Property 'id' does not exist on type 'never'.
src/pages/member/ManageProjects.tsx(173,26): error TS2339: Property 'banner_url' does not exist on type 'never'.
src/pages/member/ManageProjects.tsx(174,37): error TS2339: Property 'banner_url' does not exist on type 'never'.
src/pages/member/ManageProjects.tsx(178,89): error TS2339: Property 'title' does not exist on type 'never'.
src/pages/member/ManageProjects.tsx(183,26): error TS2339: Property 'tech_stack' does not exist on type 'never'.
src/pages/member/ManageProjects.tsx(183,54): error TS7006: Parameter 't' implicitly has an 'any' type.
src/pages/member/ManageProjects.tsx(188,53): error TS2339: Property 'created_at' does not exist on type 'never'.
src/pages/member/ManageProjects.tsx(191,58): error TS2698: Spread types may only be created from object types.
src/pages/member/ManageProjects.tsx(191,78): error TS2339: Property 'tech_stack' does not exist on type 'never'.
src/pages/member/ManageProjects.tsx(191,123): error TS2339: Property 'id' does not exist on type 'never'.
src/pages/member/ManageProjects.tsx(192,61): error TS2339: Property 'id' does not exist on type 'never'.
src/pages/member/ManageProjects.tsx(205,25): error TS7031: Binding element 'value' implicitly has an 'any' type.
src/pages/member/ManageProjects.tsx(205,32): error TS7031: Binding element 'onChange' implicitly has an 'any' type.
src/pages/member/ManageProjects.tsx(210,29): error TS7006: Parameter 'e' implicitly has an 'any' type.
src/pages/member/ManageProjects.tsx(236,145): error TS18047: 'fileRef.current' is possibly 'null'.
src/pages/member/ManageProjects.tsx(245,22): error TS7031: Binding element 'label' implicitly has an 'any' type.
src/pages/member/ManageProjects.tsx(245,29): error TS7031: Binding element 'value' implicitly has an 'any' type.
src/pages/member/ManageProjects.tsx(245,36): error TS7031: Binding element 'onChange' implicitly has an 'any' type.
src/pages/member/MemberDirectory.tsx(2,26): error TS7016: Could not find a declaration file for module '../../utils/supabase'. 'C:/Users/dbray/samriddhi-it-club/frontend/src/utils/supabase.js' implicitly has an 'any' type.
src/pages/member/MemberDirectory.tsx(10,11): error TS2339: Property 'settings' does not exist on type '{}'.
src/pages/member/MemberDirectory.tsx(18,16): error TS7031: Binding element 'data' implicitly has an 'any' type.
src/pages/member/MemberDirectory.tsx(22,27): error TS2339: Property 'full_name' does not exist on type 'never'.
src/pages/member/MemberDirectory.tsx(23,49): error TS2339: Property 'role' does not exist on type 'never'.
src/pages/member/MemberDirectory.tsx(33,25): error TS7006: Parameter 'm' implicitly has an 'any' type.
src/pages/member/MemberDirectory.tsx(39,24): error TS7006: Parameter 'name' implicitly has an 'any' type.
src/pages/member/MemberDirectory.tsx(41,32): error TS7006: Parameter 'n' implicitly has an 'any' type.
src/pages/member/MemberDirectory.tsx(94,24): error TS7053: Element implicitly has an 'any' type because expression of type 'any' can't be used to index type '{ oc: { bg: string; color: string; border: string; }; executive: { bg: string; color: string; border: string; }; general: { bg: string; color: string; border: string; }; }'.
src/pages/member/MemberDirectory.tsx(94,38): error TS2339: Property 'role' does not exist on type 'never'.
src/pages/member/MemberDirectory.tsx(96,27): error TS2339: Property 'id' does not exist on type 'never'.
src/pages/member/MemberDirectory.tsx(102,22): error TS2339: Property 'photo_url' does not exist on type 'never'.
src/pages/member/MemberDirectory.tsx(103,33): error TS2339: Property 'photo_url' does not exist on type 'never'.
src/pages/member/MemberDirectory.tsx(103,51): error TS2339: Property 'full_name' does not exist on type 'never'.
src/pages/member/MemberDirectory.tsx(106,38): error TS2339: Property 'full_name' does not exist on type 'never'.
src/pages/member/MemberDirectory.tsx(110,152): error TS2339: Property 'full_name' does not exist on type 'never'.
src/pages/member/MemberDirectory.tsx(118,20): error TS2339: Property 'bio' does not exist on type 'never'.
src/pages/member/MemberDirectory.tsx(120,24): error TS2339: Property 'bio' does not exist on type 'never'.
src/pages/member/MemberDirectory.tsx(125,20): error TS2339: Property 'skills' does not exist on type 'never'.
src/pages/member/MemberDirectory.tsx(127,24): error TS2339: Property 'skills' does not exist on type 'never'.
src/pages/member/MemberDirectory.tsx(127,47): error TS7006: Parameter 's' implicitly has an 'any' type.
src/pages/member/MemberDirectory.tsx(130,24): error TS2339: Property 'skills' does not exist on type 'never'.
src/pages/member/MemberDirectory.tsx(130,107): error TS2339: Property 'skills' does not exist on type 'never'.
src/pages/member/MemberDirectory.tsx(137,24): error TS2339: Property 'college_year' does not exist on type 'never'.
src/pages/member/MemberDirectory.tsx(137,49): error TS2339: Property 'college_year' does not exist on type 'never'.
src/pages/member/MemberDirectory.tsx(140,24): error TS2339: Property 'github_url' does not exist on type 'never'.
src/pages/member/MemberDirectory.tsx(141,34): error TS2339: Property 'github_url' does not exist on type 'never'.
src/pages/member/MemberDirectory.tsx(148,24): error TS2339: Property 'linkedin_url' does not exist on type 'never'.
src/pages/member/MemberDirectory.tsx(149,34): error TS2339: Property 'linkedin_url' does not exist on type 'never'.
src/pages/member/MyEvents.tsx(4,26): error TS7016: Could not find a declaration file for module '../../utils/supabase'. 'C:/Users/dbray/samriddhi-it-club/frontend/src/utils/supabase.js' implicitly has an 'any' type.
src/pages/member/MyEvents.tsx(28,35): error TS7006: Parameter 'regId' implicitly has an 'any' type.
src/pages/member/MyEvents.tsx(28,42): error TS7006: Parameter 'eventTitle' implicitly has an 'any' type.
src/pages/member/MyEvents.tsx(36,41): error TS7006: Parameter 'r' implicitly has an 'any' type.
src/pages/member/MyEvents.tsx(59,46): error TS7006: Parameter 'r' implicitly has an 'any' type.
src/pages/member/MyEvents.tsx(60,42): error TS7006: Parameter 'r' implicitly has an 'any' type.
src/pages/member/MyEvents.tsx(138,25): error TS7006: Parameter 'reg' implicitly has an 'any' type.
src/pages/member/MyEvents.tsx(141,24): error TS7053: Element implicitly has an 'any' type because expression of type 'any' can't be used to index type '{ upcoming: { label: string; bg: string; color: string; border: string; }; ongoing: { label: string; bg: string; color: string; border: string; }; completed: { label: string; bg: string; color: string; border: string; }; cancelled: { ...; }; }'.
src/pages/member/MyEvents.tsx(150,68): error TS7053: Element implicitly has an 'any' type because expression of type 'any' can't be used to index type '{ hackathon: string; workshop: string; seminar: string; bootcamp: string; social: string; fest: string; }'.
src/pages/member/MyEvents.tsx(167,128): error TS7053: Element implicitly has an 'any' type because expression of type 'any' can't be used to index type '{ hackathon: string; workshop: string; seminar: string; bootcamp: string; social: string; fest: string; }'.
src/pages/member/Notices.tsx(2,26): error TS7016: Could not find a declaration file for module '../../utils/supabase'. 'C:/Users/dbray/samriddhi-it-club/frontend/src/utils/supabase.js' implicitly has an 'any' type.
src/pages/member/Notices.tsx(21,9): error TS2367: This comparison appears to be unintentional because the types 'UserRole | undefined' and '"general"' have no overlap.
src/pages/member/Notices.tsx(45,14): error TS2339: Property 'audience' does not exist on type 'never'.
src/pages/member/Notices.tsx(48,41): error TS2339: Property 'is_pinned' does not exist on type 'never'.
src/pages/member/Notices.tsx(49,43): error TS2339: Property 'is_pinned' does not exist on type 'never'.
src/pages/member/Notices.tsx(94,51): error TS2339: Property 'id' does not exist on type 'never'.
src/pages/member/Notices.tsx(100,48): error TS2339: Property 'id' does not exist on type 'never'.
src/pages/member/Notices.tsx(107,23): error TS7031: Binding element 'notice' implicitly has an 'any' type.
src/pages/member/Notices.tsx(107,31): error TS7031: Binding element 'audienceColors' implicitly has an 'any' type.
src/pages/member/Profile.tsx(2,26): error TS7016: Could not find a declaration file for module '../../utils/supabase'. 'C:/Users/dbray/samriddhi-it-club/frontend/src/utils/supabase.js' implicitly has an 'any' type.
src/pages/member/Profile.tsx(38,31): error TS2339: Property 'phone' does not exist on type 'User'.
src/pages/member/Profile.tsx(39,31): error TS2339: Property 'bio' does not exist on type 'User'.
src/pages/member/Profile.tsx(40,9): error TS2322: Type 'string | number' is not assignable to type 'string'.
  Type 'number' is not assignable to type 'string'.
src/pages/member/Profile.tsx(41,31): error TS2339: Property 'github_url' does not exist on type 'User'.
src/pages/member/Profile.tsx(42,31): error TS2339: Property 'linkedin_url' does not exist on type 'User'.
src/pages/member/Profile.tsx(43,31): error TS2339: Property 'skills' does not exist on type 'User'.
src/pages/member/Profile.tsx(45,31): error TS2339: Property 'photo_url' does not exist on type 'User'.
src/pages/member/Profile.tsx(50,30): error TS7006: Parameter 'e' implicitly has an 'any' type.
src/pages/member/Profile.tsx(58,21): error TS2345: Argument of type 'string' is not assignable to parameter of type 'SetStateAction<null>'.
src/pages/member/Profile.tsx(95,43): error TS18046: 'err' is of type 'unknown'.
src/pages/member/Profile.tsx(101,21): error TS7006: Parameter 'skill' implicitly has an 'any' type.
src/pages/member/Profile.tsx(103,36): error TS2345: Argument of type 'any' is not assignable to parameter of type 'never'.
src/pages/member/Profile.tsx(104,13): error TS2345: Argument of type '(prev: { full_name: string; phone: string; bio: string; college_year: string; github_url: string; linkedin_url: string; skills: never[]; }) => { skills: any[]; full_name: string; phone: string; bio: string; college_year: string; github_url: string; linkedin_url: string; }' is not assignable to parameter of type 'SetStateAction<{ full_name: string; phone: string; bio: string; college_year: string; github_url: string; linkedin_url: string; skills: never[]; }>'.
  Type '(prev: { full_name: string; phone: string; bio: string; college_year: string; github_url: string; linkedin_url: string; skills: never[]; }) => { skills: any[]; full_name: string; phone: string; bio: string; college_year: string; github_url: string; linkedin_url: string; }' is not assignable to type '(prevState: { full_name: string; phone: string; bio: string; college_year: string; github_url: string; linkedin_url: string; skills: never[]; }) => { full_name: string; phone: string; bio: string; college_year: string; github_url: string; linkedin_url: string; skills: never[]; }'.
    Call signature return types '{ skills: any[]; full_name: string; phone: string; bio: string; college_year: string; github_url: string; linkedin_url: string; }' and '{ full_name: string; phone: string; bio: string; college_year: string; github_url: string; linkedin_url: string; skills: never[]; }' are incompatible.
      The types of 'skills' are incompatible between these types.
        Type 'any[]' is not assignable to type 'never[]'.
          Type 'any' is not assignable to type 'never'.
src/pages/member/Profile.tsx(109,24): error TS7006: Parameter 'skill' implicitly has an 'any' type.
src/pages/member/Profile.tsx(114,31): error TS7006: Parameter 'e' implicitly has an 'any' type.
src/pages/member/Profile.tsx(133,30): error TS2339: Property 'photo_url' does not exist on type 'User'.
src/pages/member/Profile.tsx(172,24): error TS7006: Parameter 'name' implicitly has an 'any' type.
src/pages/member/Profile.tsx(174,32): error TS7006: Parameter 'n' implicitly has an 'any' type.
src/pages/member/Profile.tsx(228,47): error TS2339: Property 'click' does not exist on type 'never'.
src/pages/member/Profile.tsx(237,30): error TS2339: Property 'name' does not exist on type 'never'.
src/pages/member/Profile.tsx(243,47): error TS2339: Property 'click' does not exist on type 'never'.
src/pages/member/Profile.tsx(250,75): error TS2339: Property 'photo_url' does not exist on type 'User'.
src/pages/member/Profile.tsx(270,23): error TS7006: Parameter 'v' implicitly has an 'any' type.
src/pages/member/Profile.tsx(276,23): error TS7006: Parameter 'v' implicitly has an 'any' type.
src/pages/member/Profile.tsx(293,12): error TS2741: Property 'onChange' is missing in type '{ label: string; value: string; disabled: true; placeholder: string; }' but required in type '{ label: any; value: any; onChange: any; placeholder?: string | undefined; type?: string | undefined; disabled?: boolean | undefined; }'.
src/pages/member/Profile.tsx(351,64): error TS2345: Argument of type 'string' is not assignable to parameter of type 'never'.
src/pages/member/Profile.tsx(462,18): error TS7031: Binding element 'label' implicitly has an 'any' type.
src/pages/member/Profile.tsx(462,25): error TS7031: Binding element 'value' implicitly has an 'any' type.
src/pages/member/Profile.tsx(462,32): error TS7031: Binding element 'onChange' implicitly has an 'any' type.
src/pages/member/WriteBlog.tsx(3,26): error TS7016: Could not find a declaration file for module '../../utils/supabase'. 'C:/Users/dbray/samriddhi-it-club/frontend/src/utils/supabase.js' implicitly has an 'any' type.
src/pages/member/WriteBlog.tsx(58,24): error TS18047: 'profile' is possibly 'null'.
src/pages/member/WriteBlog.tsx(65,35): error TS7006: Parameter 'postId' implicitly has an 'any' type.
src/pages/member/WriteBlog.tsx(79,28): error TS18047: 'profile' is possibly 'null'.
src/pages/member/WriteBlog.tsx(79,42): error TS18047: 'profile' is possibly 'null'.
src/pages/member/WriteBlog.tsx(102,28): error TS7006: Parameter 'content' implicitly has an 'any' type.
src/pages/member/WriteBlog.tsx(135,20): error TS18047: 'profile' is possibly 'null'.
src/pages/member/WriteBlog.tsx(160,21): error TS2339: Property 'message' does not exist on type '{}'.
src/pages/member/WriteBlog.tsx(166,31): error TS7006: Parameter 'postId' implicitly has an 'any' type.
src/pages/member/WriteBlog.tsx(215,69): error TS7006: Parameter 'v' implicitly has an 'any' type.
src/pages/member/WriteBlog.tsx(216,67): error TS7006: Parameter 'v' implicitly has an 'any' type.
src/pages/member/WriteBlog.tsx(241,27): error TS7006: Parameter 'url' implicitly has an 'any' type.
src/pages/member/WriteBlog.tsx(295,33): error TS2339: Property 'id' does not exist on type 'never'.
src/pages/member/WriteBlog.tsx(297,89): error TS2339: Property 'title' does not exist on type 'never'.
src/pages/member/WriteBlog.tsx(298,111): error TS2339: Property 'slug' does not exist on type 'never'.
src/pages/member/WriteBlog.tsx(301,227): error TS2339: Property 'category' does not exist on type 'never'.
src/pages/member/WriteBlog.tsx(304,81): error TS2339: Property 'status' does not exist on type 'never'.
src/pages/member/WriteBlog.tsx(304,151): error TS2339: Property 'status' does not exist on type 'never'.
src/pages/member/WriteBlog.tsx(307,44): error TS2339: Property 'created_at' does not exist on type 'never'.
src/pages/member/WriteBlog.tsx(311,65): error TS2339: Property 'id' does not exist on type 'never'.
src/pages/member/WriteBlog.tsx(312,66): error TS2339: Property 'id' does not exist on type 'never'.
src/pages/member/WriteBlog.tsx(325,22): error TS7006: Parameter 'post' implicitly has an 'any' type.
src/pages/member/WriteBlog.tsx(344,22): error TS7031: Binding element 'label' implicitly has an 'any' type.
src/pages/member/WriteBlog.tsx(344,29): error TS7031: Binding element 'value' implicitly has an 'any' type.
src/pages/member/WriteBlog.tsx(344,36): error TS7031: Binding element 'onChange' implicitly has an 'any' type.
src/pages/member/WriteBlog.tsx(353,25): error TS7031: Binding element 'value' implicitly has an 'any' type.
src/pages/member/WriteBlog.tsx(353,32): error TS7031: Binding element 'onChange' implicitly has an 'any' type.
src/pages/member/WriteBlog.tsx(353,42): error TS7031: Binding element 'onUploadingChange' implicitly has an 'any' type.
src/pages/member/WriteBlog.tsx(358,29): error TS7006: Parameter 'e' implicitly has an 'any' type.
src/pages/member/WriteBlog.tsx(384,145): error TS18047: 'fileRef.current' is possibly 'null'.
src/pages/oc/OCAnalytics.tsx(2,26): error TS7016: Could not find a declaration file for module '../../utils/supabase'. 'C:/Users/dbray/samriddhi-it-club/frontend/src/utils/supabase.js' implicitly has an 'any' type.
src/pages/oc/OCAnalytics.tsx(30,28): error TS7006: Parameter 'p' implicitly has an 'any' type.
src/pages/oc/OCAnalytics.tsx(30,33): error TS7053: Element implicitly has an 'any' type because expression of type 'any' can't be used to index type '{}'.
src/pages/oc/OCAnalytics.tsx(30,50): error TS7053: Element implicitly has an 'any' type because expression of type 'any' can't be used to index type '{}'.
src/pages/oc/OCAnalytics.tsx(34,24): error TS7006: Parameter 'r' implicitly has an 'any' type.
src/pages/oc/OCAnalytics.tsx(34,29): error TS7053: Element implicitly has an 'any' type because expression of type 'any' can't be used to index type '{}'.
src/pages/oc/OCAnalytics.tsx(34,54): error TS7053: Element implicitly has an 'any' type because expression of type 'any' can't be used to index type '{}'.
src/pages/oc/OCAnalytics.tsx(40,38): error TS7006: Parameter 'a' implicitly has an 'any' type.
src/pages/oc/OCAnalytics.tsx(40,40): error TS7006: Parameter 'b' implicitly has an 'any' type.
src/pages/oc/OCAnalytics.tsx(40,46): error TS2362: The left-hand side of an arithmetic operation must be of type 'any', 'number', 'bigint' or an enum type.
src/pages/oc/OCAnalytics.tsx(40,71): error TS2363: The right-hand side of an arithmetic operation must be of type 'any', 'number', 'bigint' or an enum type.
src/pages/oc/OCAnalytics.tsx(51,9): error TS2353: Object literal may only specify known properties, and 'regByEvent' does not exist in type '{ events: number; registrations: number; topEvents: never[]; }'.
src/pages/oc/OCAnalytics.tsx(77,65): error TS2339: Property 'oc' does not exist on type '{}'.
src/pages/oc/OCAnalytics.tsx(100,80): error TS2322: Type 'unknown' is not assignable to type 'ReactNode'.
src/pages/oc/OCAnalytics.tsx(135,21): error TS7031: Binding element 'label' implicitly has an 'any' type.
src/pages/oc/OCAnalytics.tsx(135,28): error TS7031: Binding element 'value' implicitly has an 'any' type.
src/pages/oc/OCAnalytics.tsx(135,35): error TS7031: Binding element 'color' implicitly has an 'any' type.
src/pages/oc/OCAnalytics.tsx(144,24): error TS7031: Binding element 'label' implicitly has an 'any' type.
src/pages/oc/OCAnalytics.tsx(144,31): error TS7031: Binding element 'value' implicitly has an 'any' type.
src/pages/oc/OCAnalytics.tsx(144,38): error TS7031: Binding element 'total' implicitly has an 'any' type.
src/pages/oc/OCAnalytics.tsx(144,45): error TS7031: Binding element 'color' implicitly has an 'any' type.
src/pages/oc/OCAnnouncements.tsx(5,26): error TS7016: Could not find a declaration file for module '../../utils/supabase'. 'C:/Users/dbray/samriddhi-it-club/frontend/src/utils/supabase.js' implicitly has an 'any' type.
src/pages/oc/OCAnnouncements.tsx(18,98): error TS7031: Binding element 'data' implicitly has an 'any' type.
src/pages/oc/OCAnnouncements.tsx(25,32): error TS2345: Argument of type '(prev: never[]) => any[]' is not assignable to parameter of type 'SetStateAction<never[]>'.
  Type '(prev: never[]) => any[]' is not assignable to type '(prevState: never[]) => never[]'.
    Type 'any[]' is not assignable to type 'never[]'.
      Type 'any' is not assignable to type 'never'.
src/pages/oc/OCAnnouncements.tsx(29,31): error TS7006: Parameter 'id' implicitly has an 'any' type.
src/pages/oc/OCAnnouncements.tsx(31,49): error TS2339: Property 'id' does not exist on type 'never'.
src/pages/oc/OCAnnouncements.tsx(91,24): error TS7053: Element implicitly has an 'any' type because expression of type 'any' can't be used to index type '{ all: { bg: string; color: string; border: string; }; general: { bg: string; color: string; border: string; }; executive: { bg: string; color: string; border: string; }; oc: { bg: string; color: string; border: string; }; }'.
src/pages/oc/OCAnnouncements.tsx(91,42): error TS2339: Property 'audience' does not exist on type 'never'.
src/pages/oc/OCAnnouncements.tsx(93,27): error TS2339: Property 'id' does not exist on type 'never'.
src/pages/oc/OCAnnouncements.tsx(96,24): error TS2339: Property 'is_pinned' does not exist on type 'never'.
src/pages/oc/OCAnnouncements.tsx(97,85): error TS2339: Property 'title' does not exist on type 'never'.
src/pages/oc/OCAnnouncements.tsx(100,209): error TS2339: Property 'audience' does not exist on type 'never'.
src/pages/oc/OCAnnouncements.tsx(101,59): error TS2339: Property 'id' does not exist on type 'never'.
src/pages/oc/OCAnnouncements.tsx(104,114): error TS2339: Property 'body' does not exist on type 'never'.
src/pages/oc/OCAnnouncements.tsx(105,128): error TS2339: Property 'created_at' does not exist on type 'never'.
src/pages/oc/OCApplications.tsx(3,26): error TS7016: Could not find a declaration file for module '../../utils/supabase'. 'C:/Users/dbray/samriddhi-it-club/frontend/src/utils/supabase.js' implicitly has an 'any' type.
src/pages/oc/OCApplications.tsx(27,68): error TS2345: Argument of type 'string | undefined' is not assignable to parameter of type 'string'.
  Type 'undefined' is not assignable to type 'string'.
src/pages/oc/OCApplications.tsx(39,31): error TS7006: Parameter 'id' implicitly has an 'any' type.
src/pages/oc/OCApplications.tsx(39,35): error TS7006: Parameter 'status' implicitly has an 'any' type.
src/pages/oc/OCApplications.tsx(42,76): error TS2339: Property 'map' does not exist on type '{}'.
src/pages/oc/OCApplications.tsx(42,80): error TS7006: Parameter 'a' implicitly has an 'any' type.
src/pages/oc/OCApplications.tsx(43,19): error TS2339: Property 'id' does not exist on type 'never'.
src/pages/oc/OCApplications.tsx(43,53): error TS2698: Spread types may only be created from object types.
src/pages/oc/OCApplications.tsx(50,94): error TS2339: Property 'id' does not exist on type 'never'.
src/pages/oc/OCApplications.tsx(51,76): error TS2339: Property 'map' does not exist on type '{}'.
src/pages/oc/OCApplications.tsx(51,80): error TS7006: Parameter 'a' implicitly has an 'any' type.
src/pages/oc/OCApplications.tsx(51,103): error TS2339: Property 'id' does not exist on type 'never'.
src/pages/oc/OCApplications.tsx(64,27): error TS2339: Property 'email' does not exist on type 'never'.
src/pages/oc/OCApplications.tsx(65,31): error TS2339: Property 'full_name' does not exist on type 'never'.
src/pages/oc/OCApplications.tsx(68,36): error TS2339: Property 'id' does not exist on type 'never'.
src/pages/oc/OCApplications.tsx(78,29): error TS2339: Property 'full_name' does not exist on type 'never'.
src/pages/oc/OCApplications.tsx(79,30): error TS2339: Property 'email' does not exist on type 'never'.
src/pages/oc/OCApplications.tsx(98,80): error TS2339: Property 'map' does not exist on type '{}'.
src/pages/oc/OCApplications.tsx(98,84): error TS7006: Parameter 'a' implicitly has an 'any' type.
src/pages/oc/OCApplications.tsx(98,107): error TS2339: Property 'id' does not exist on type 'never'.
src/pages/oc/OCApplications.tsx(99,32): error TS2698: Spread types may only be created from object types.
src/pages/oc/OCApplications.tsx(105,41): error TS18046: 'err' is of type 'unknown'.
src/pages/oc/OCApplications.tsx(154,29): error TS7006: Parameter 'app' implicitly has an 'any' type.
src/pages/oc/OCApplications.tsx(155,32): error TS7053: Element implicitly has an 'any' type because expression of type 'any' can't be used to index type '{ pending: { bg: string; color: string; border: string; label: string; }; shortlisted: { bg: string; color: string; border: string; label: string; }; approved: { bg: string; color: string; border: string; label: string; }; rejected: { ...; }; }'.
src/pages/oc/OCApplications.tsx(159,126): error TS2339: Property 'id' does not exist on type 'never'.
src/pages/oc/OCApplications.tsx(218,53): error TS2339: Property 'full_name' does not exist on type 'never'.
src/pages/oc/OCApplications.tsx(219,54): error TS2339: Property 'email' does not exist on type 'never'.
src/pages/oc/OCApplications.tsx(220,54): error TS2339: Property 'phone' does not exist on type 'never'.
src/pages/oc/OCApplications.tsx(221,53): error TS2339: Property 'college_year' does not exist on type 'never'.
src/pages/oc/OCApplications.tsx(221,85): error TS2339: Property 'college_year' does not exist on type 'never'.
src/pages/oc/OCApplications.tsx(222,57): error TS2339: Property 'position_applying' does not exist on type 'never'.
src/pages/oc/OCApplications.tsx(224,25): error TS2339: Property 'skills' does not exist on type 'never'.
src/pages/oc/OCApplications.tsx(227,83): error TS2339: Property 'skills' does not exist on type 'never'.
src/pages/oc/OCApplications.tsx(231,25): error TS2339: Property 'why_join' does not exist on type 'never'.
src/pages/oc/OCApplications.tsx(234,83): error TS2339: Property 'why_join' does not exist on type 'never'.
src/pages/oc/OCApplications.tsx(255,25): error TS2339: Property 'status' does not exist on type 'never'.
src/pages/oc/OCApplications.tsx(259,29): error TS2339: Property 'invited_at' does not exist on type 'never'.
src/pages/oc/OCApplications.tsx(297,61): error TS2339: Property 'status' does not exist on type 'never'.
src/pages/oc/OCApplications.tsx(299,64): error TS2339: Property 'id' does not exist on type 'never'.
src/pages/oc/OCApplications.tsx(303,64): error TS2339: Property 'id' does not exist on type 'never'.
src/pages/oc/OCApplications.tsx(317,20): error TS7031: Binding element 'label' implicitly has an 'any' type.
src/pages/oc/OCApplications.tsx(317,27): error TS7031: Binding element 'value' implicitly has an 'any' type.
src/pages/oc/OCBlogPosts.tsx(2,26): error TS7016: Could not find a declaration file for module '../../utils/supabase'. 'C:/Users/dbray/samriddhi-it-club/frontend/src/utils/supabase.js' implicitly has an 'any' type.
src/pages/oc/OCBlogPosts.tsx(69,28): error TS7006: Parameter 'content' implicitly has an 'any' type.
src/pages/oc/OCBlogPosts.tsx(135,20): error TS2345: Argument of type '(prev: never[]) => any[]' is not assignable to parameter of type 'SetStateAction<never[]>'.
  Type '(prev: never[]) => any[]' is not assignable to type '(prevState: never[]) => never[]'.
    Type 'any[]' is not assignable to type 'never[]'.
      Type 'any' is not assignable to type 'never'.
src/pages/oc/OCBlogPosts.tsx(135,45): error TS2339: Property 'id' does not exist on type 'never'.
src/pages/oc/OCBlogPosts.tsx(138,20): error TS2345: Argument of type '(prev: never[]) => any[]' is not assignable to parameter of type 'SetStateAction<never[]>'.
  Type '(prev: never[]) => any[]' is not assignable to type '(prevState: never[]) => never[]'.
    Type 'any[]' is not assignable to type 'never[]'.
      Type 'any' is not assignable to type 'never'.
src/pages/oc/OCBlogPosts.tsx(138,45): error TS2339: Property 'id' does not exist on type 'never'.
src/pages/oc/OCBlogPosts.tsx(138,63): error TS2698: Spread types may only be created from object types.
src/pages/oc/OCBlogPosts.tsx(146,28): error TS2345: Argument of type '(prev: never[]) => any[]' is not assignable to parameter of type 'SetStateAction<never[]>'.
  Type '(prev: never[]) => any[]' is not assignable to type '(prevState: never[]) => never[]'.
    Type 'any[]' is not assignable to type 'never[]'.
      Type 'any' is not assignable to type 'never'.
src/pages/oc/OCBlogPosts.tsx(155,21): error TS2339: Property 'message' does not exist on type '{}'.
src/pages/oc/OCBlogPosts.tsx(161,31): error TS7006: Parameter 'id' implicitly has an 'any' type.
src/pages/oc/OCBlogPosts.tsx(165,41): error TS2339: Property 'id' does not exist on type 'never'.
src/pages/oc/OCBlogPosts.tsx(168,22): error TS7006: Parameter 'post' implicitly has an 'any' type.
src/pages/oc/OCBlogPosts.tsx(246,69): error TS7006: Parameter 'v' implicitly has an 'any' type.
src/pages/oc/OCBlogPosts.tsx(251,25): error TS7006: Parameter 'v' implicitly has an 'any' type.
src/pages/oc/OCBlogPosts.tsx(296,27): error TS7006: Parameter 'url' implicitly has an 'any' type.
src/pages/oc/OCBlogPosts.tsx(301,37): error TS7006: Parameter 'isUploading' implicitly has an 'any' type.
src/pages/oc/OCBlogPosts.tsx(420,31): error TS2339: Property 'id' does not exist on type 'never'.
src/pages/oc/OCBlogPosts.tsx(423,29): error TS2339: Property 'cover_image_url' does not exist on type 'never'.
src/pages/oc/OCBlogPosts.tsx(425,37): error TS2339: Property 'cover_image_url' does not exist on type 'never'.
src/pages/oc/OCBlogPosts.tsx(426,37): error TS2339: Property 'title' does not exist on type 'never'.
src/pages/oc/OCBlogPosts.tsx(434,33): error TS2339: Property 'title' does not exist on type 'never'.
src/pages/oc/OCBlogPosts.tsx(437,39): error TS2339: Property 'slug' does not exist on type 'never'.
src/pages/oc/OCBlogPosts.tsx(449,37): error TS7053: Element implicitly has an 'any' type because expression of type 'any' can't be used to index type '{ development: string; 'ai/ml': string; career: string; 'club-news': string; design: string; other: string; }'.
src/pages/oc/OCBlogPosts.tsx(449,56): error TS2339: Property 'category' does not exist on type 'never'.
src/pages/oc/OCBlogPosts.tsx(456,29): error TS2339: Property 'category' does not exist on type 'never'.
src/pages/oc/OCBlogPosts.tsx(466,37): error TS2339: Property 'status' does not exist on type 'never'.
src/pages/oc/OCBlogPosts.tsx(467,42): error TS2339: Property 'status' does not exist on type 'never'.
src/pages/oc/OCBlogPosts.tsx(468,51): error TS2339: Property 'status' does not exist on type 'never'.
src/pages/oc/OCBlogPosts.tsx(472,29): error TS2339: Property 'status' does not exist on type 'never'.
src/pages/oc/OCBlogPosts.tsx(476,27): error TS2339: Property 'published_at' does not exist on type 'never'.
src/pages/oc/OCBlogPosts.tsx(476,62): error TS2339: Property 'published_at' does not exist on type 'never'.
src/pages/oc/OCBlogPosts.tsx(479,27): error TS2339: Property 'is_featured' does not exist on type 'never'.
src/pages/oc/OCBlogPosts.tsx(496,58): error TS2339: Property 'id' does not exist on type 'never'.
src/pages/oc/OCBlogPosts.tsx(516,25): error TS7031: Binding element 'value' implicitly has an 'any' type.
src/pages/oc/OCBlogPosts.tsx(516,32): error TS7031: Binding element 'onChange' implicitly has an 'any' type.
src/pages/oc/OCBlogPosts.tsx(516,42): error TS7031: Binding element 'onUploadingChange' implicitly has an 'any' type.
src/pages/oc/OCBlogPosts.tsx(521,29): error TS7006: Parameter 'e' implicitly has an 'any' type.
src/pages/oc/OCBlogPosts.tsx(564,44): error TS2339: Property 'value' does not exist on type 'never'.
src/pages/oc/OCBlogPosts.tsx(581,43): error TS2339: Property 'click' does not exist on type 'never'.
src/pages/oc/OCBlogPosts.tsx(688,22): error TS7031: Binding element 'label' implicitly has an 'any' type.
src/pages/oc/OCBlogPosts.tsx(688,29): error TS7031: Binding element 'value' implicitly has an 'any' type.
src/pages/oc/OCBlogPosts.tsx(688,36): error TS7031: Binding element 'onChange' implicitly has an 'any' type.
src/pages/oc/OCDashboard.tsx(3,26): error TS7016: Could not find a declaration file for module '../../utils/supabase'. 'C:/Users/dbray/samriddhi-it-club/frontend/src/utils/supabase.js' implicitly has an 'any' type.
src/pages/oc/OCDashboard.tsx(99,33): error TS7006: Parameter 'app' implicitly has an 'any' type.
src/pages/oc/OCDashboard.tsx(126,29): error TS7006: Parameter 'msg' implicitly has an 'any' type.
src/pages/oc/OCDashboard.tsx(155,33): error TS7006: Parameter 'req' implicitly has an 'any' type.
src/pages/oc/OCDashboard.tsx(188,36): error TS7006: Parameter 'm' implicitly has an 'any' type.
src/pages/oc/OCEvents.tsx(3,26): error TS7016: Could not find a declaration file for module '../../utils/supabase'. 'C:/Users/dbray/samriddhi-it-club/frontend/src/utils/supabase.js' implicitly has an 'any' type.
src/pages/oc/OCMembers.tsx(3,26): error TS7016: Could not find a declaration file for module '../../utils/supabase'. 'C:/Users/dbray/samriddhi-it-club/frontend/src/utils/supabase.js' implicitly has an 'any' type.
src/pages/oc/OCMembers.tsx(31,27): error TS7006: Parameter 'id' implicitly has an 'any' type.
src/pages/oc/OCMembers.tsx(34,36): error TS2339: Property 'oc_position' does not exist on type '{ role: string; }'.
src/pages/oc/OCMembers.tsx(35,18): error TS2339: Property 'oc_position' does not exist on type '{ role: string; }'.
src/pages/oc/OCMembers.tsx(40,19): error TS2339: Property 'map' does not exist on type '{}'.
src/pages/oc/OCMembers.tsx(40,23): error TS7006: Parameter 'm' implicitly has an 'any' type.
src/pages/oc/OCMembers.tsx(47,31): error TS7006: Parameter 'id' implicitly has an 'any' type.
src/pages/oc/OCMembers.tsx(47,35): error TS7006: Parameter 'current' implicitly has an 'any' type.
src/pages/oc/OCMembers.tsx(50,19): error TS2339: Property 'map' does not exist on type '{}'.
src/pages/oc/OCMembers.tsx(50,23): error TS7006: Parameter 'm' implicitly has an 'any' type.
src/pages/oc/OCMembers.tsx(54,31): error TS7006: Parameter 'id' implicitly has an 'any' type.
src/pages/oc/OCMembers.tsx(54,35): error TS7006: Parameter 'name' implicitly has an 'any' type.
src/pages/oc/OCMembers.tsx(64,19): error TS2339: Property 'filter' does not exist on type '{}'.
src/pages/oc/OCMembers.tsx(64,26): error TS7006: Parameter 'm' implicitly has an 'any' type.
src/pages/oc/OCMembers.tsx(68,35): error TS7006: Parameter 'm' implicitly has an 'any' type.
src/pages/oc/OCMembers.tsx(126,31): error TS7006: Parameter 'm' implicitly has an 'any' type.
src/pages/oc/OCMessages.tsx(2,26): error TS7016: Could not find a declaration file for module '../../utils/supabase'. 'C:/Users/dbray/samriddhi-it-club/frontend/src/utils/supabase.js' implicitly has an 'any' type.
src/pages/oc/OCMessages.tsx(31,7): error TS2339: Property 'full_name' does not exist on type 'never'.
src/pages/oc/OCMessages.tsx(32,7): error TS2339: Property 'email' does not exist on type 'never'.
src/pages/oc/OCMessages.tsx(33,7): error TS2339: Property 'subject' does not exist on type 'never'.
src/pages/oc/OCMessages.tsx(34,7): error TS2339: Property 'message' does not exist on type 'never'.
src/pages/oc/OCMessages.tsx(37,31): error TS7006: Parameter 'id' implicitly has an 'any' type.
src/pages/oc/OCMessages.tsx(49,42): error TS2339: Property 'id' does not exist on type 'never'.
src/pages/oc/OCMessages.tsx(105,30): error TS2339: Property 'id' does not exist on type 'never'.
src/pages/oc/OCMessages.tsx(110,45): error TS2339: Property 'id' does not exist on type 'never'.
src/pages/oc/OCMessages.tsx(110,56): error TS2339: Property 'id' does not exist on type 'never'.
src/pages/oc/OCMessages.tsx(113,56): error TS2339: Property 'id' does not exist on type 'never'.
src/pages/oc/OCMessages.tsx(113,67): error TS2339: Property 'id' does not exist on type 'never'.
src/pages/oc/OCMessages.tsx(114,56): error TS2339: Property 'id' does not exist on type 'never'.
src/pages/oc/OCMessages.tsx(114,67): error TS2339: Property 'id' does not exist on type 'never'.
src/pages/oc/OCMessages.tsx(119,32): error TS2339: Property 'full_name' does not exist on type 'never'.
src/pages/oc/OCMessages.tsx(122,92): error TS2339: Property 'full_name' does not exist on type 'never'.
src/pages/oc/OCMessages.tsx(123,88): error TS2339: Property 'email' does not exist on type 'never'.
src/pages/oc/OCMessages.tsx(128,154): error TS2339: Property 'subject' does not exist on type 'never'.
src/pages/oc/OCMessages.tsx(131,39): error TS2339: Property 'created_at' does not exist on type 'never'.
src/pages/oc/OCMessages.tsx(148,105): error TS2339: Property 'subject' does not exist on type 'never'.
src/pages/oc/OCMessages.tsx(149,100): error TS2339: Property 'full_name' does not exist on type 'never'.
src/pages/oc/OCMessages.tsx(149,122): error TS2339: Property 'email' does not exist on type 'never'.
src/pages/oc/OCMessages.tsx(156,27): error TS2339: Property 'message' does not exist on type 'never'.
src/pages/oc/OCMessages.tsx(162,42): error TS2339: Property 'email' does not exist on type 'never'.
src/pages/oc/OCMessages.tsx(162,72): error TS2339: Property 'subject' does not exist on type 'never'.
src/pages/oc/OCMessages.tsx(182,54): error TS2339: Property 'id' does not exist on type 'never'.
src/pages/oc/OCMessages.tsx(190,46): error TS2339: Property 'created_at' does not exist on type 'never'.
src/pages/oc/OCOpportunities.tsx(2,26): error TS7016: Could not find a declaration file for module '../../utils/supabase'. 'C:/Users/dbray/samriddhi-it-club/frontend/src/utils/supabase.js' implicitly has an 'any' type.
src/pages/oc/OCOpportunities.tsx(39,26): error TS2345: Argument of type '(prev: never[]) => any[]' is not assignable to parameter of type 'SetStateAction<never[]>'.
  Type '(prev: never[]) => any[]' is not assignable to type '(prevState: never[]) => never[]'.
    Type 'any[]' is not assignable to type 'never[]'.
      Type 'any' is not assignable to type 'never'.
src/pages/oc/OCOpportunities.tsx(39,50): error TS2339: Property 'id' does not exist on type 'never'.
src/pages/oc/OCOpportunities.tsx(39,68): error TS2698: Spread types may only be created from object types.
src/pages/oc/OCOpportunities.tsx(43,36): error TS2345: Argument of type '(prev: never[]) => any[]' is not assignable to parameter of type 'SetStateAction<never[]>'.
  Type '(prev: never[]) => any[]' is not assignable to type '(prevState: never[]) => never[]'.
    Type 'any[]' is not assignable to type 'never[]'.
      Type 'any' is not assignable to type 'never'.
src/pages/oc/OCOpportunities.tsx(48,35): error TS18046: 'err' is of type 'unknown'.
src/pages/oc/OCOpportunities.tsx(54,31): error TS7006: Parameter 'id' implicitly has an 'any' type.
src/pages/oc/OCOpportunities.tsx(57,59): error TS2339: Property 'id' does not exist on type 'never'.
src/pages/oc/OCOpportunities.tsx(82,69): error TS7006: Parameter 'v' implicitly has an 'any' type.
src/pages/oc/OCOpportunities.tsx(83,67): error TS7006: Parameter 'v' implicitly has an 'any' type.
src/pages/oc/OCOpportunities.tsx(86,104): error TS2322: Type '{ appearance: string; backgroundImage: string; backgroundRepeat: string; backgroundPosition: string; width: string; background: string; border: string; borderRadius: number; padding: string; color: string; fontSize: number; outline: string; }' is not assignable to type 'Properties<string | number, string & {}>'.
  Types of property 'appearance' are incompatible.
    Type 'string' is not assignable to type 'Appearance | undefined'.
src/pages/oc/OCOpportunities.tsx(96,129): error TS2322: Type '{ resize: string; fontFamily: string; width: string; background: string; border: string; borderRadius: number; padding: string; color: string; fontSize: number; outline: string; }' is not assignable to type 'Properties<string | number, string & {}>'.
  Types of property 'resize' are incompatible.
    Type 'string' is not assignable to type 'Resize | undefined'.
src/pages/oc/OCOpportunities.tsx(121,31): error TS2322: Type '{ padding: string; textAlign: string; fontSize: number; fontWeight: number; color: string; textTransform: string; }' is not assignable to type 'Properties<string | number, string & {}>'.
  Types of property 'textAlign' are incompatible.
    Type 'string' is not assignable to type 'TextAlign | undefined'.
src/pages/oc/OCOpportunities.tsx(127,28): error TS2339: Property 'id' does not exist on type 'never'.
src/pages/oc/OCOpportunities.tsx(128,45): error TS2339: Property 'link' does not exist on type 'never'.
src/pages/oc/OCOpportunities.tsx(128,163): error TS2339: Property 'title' does not exist on type 'never'.
src/pages/oc/OCOpportunities.tsx(129,55): error TS2339: Property 'type' does not exist on type 'never'.
src/pages/oc/OCOpportunities.tsx(130,37): error TS2339: Property 'deadline' does not exist on type 'never'.
src/pages/oc/OCOpportunities.tsx(130,66): error TS2339: Property 'deadline' does not exist on type 'never'.
src/pages/oc/OCOpportunities.tsx(132,24): error TS2339: Property 'is_active' does not exist on type 'never'.
src/pages/oc/OCOpportunities.tsx(137,61): error TS2339: Property 'id' does not exist on type 'never'.
src/pages/oc/OCOpportunities.tsx(149,22): error TS7006: Parameter 'opp' implicitly has an 'any' type.
src/pages/oc/OCOpportunities.tsx(155,22): error TS7031: Binding element 'label' implicitly has an 'any' type.
src/pages/oc/OCOpportunities.tsx(155,29): error TS7031: Binding element 'value' implicitly has an 'any' type.
src/pages/oc/OCOpportunities.tsx(155,36): error TS7031: Binding element 'onChange' implicitly has an 'any' type.
src/pages/oc/OCPermissions.tsx(3,26): error TS7016: Could not find a declaration file for module '../../utils/supabase'. 'C:/Users/dbray/samriddhi-it-club/frontend/src/utils/supabase.js' implicitly has an 'any' type.
src/pages/oc/OCPermissions.tsx(15,16): error TS7031: Binding element 'data' implicitly has an 'any' type.
src/pages/oc/OCPermissions.tsx(18,31): error TS7006: Parameter 'id' implicitly has an 'any' type.
src/pages/oc/OCPermissions.tsx(18,35): error TS7006: Parameter 'status' implicitly has an 'any' type.
src/pages/oc/OCPermissions.tsx(18,43): error TS7006: Parameter 'requesterId' implicitly has an 'any' type.
src/pages/oc/OCPermissions.tsx(18,56): error TS7006: Parameter 'permission' implicitly has an 'any' type.
src/pages/oc/OCPermissions.tsx(27,17): error TS2345: Argument of type '(prev: never[]) => any[]' is not assignable to parameter of type 'SetStateAction<never[]>'.
  Type '(prev: never[]) => any[]' is not assignable to type '(prevState: never[]) => never[]'.
    Type 'any[]' is not assignable to type 'never[]'.
      Type 'any' is not assignable to type 'never'.
src/pages/oc/OCPermissions.tsx(27,41): error TS2339: Property 'id' does not exist on type 'never'.
src/pages/oc/OCPermissions.tsx(27,55): error TS2698: Spread types may only be created from object types.
src/pages/oc/OCPermissions.tsx(43,24): error TS7053: Element implicitly has an 'any' type because expression of type 'any' can't be used to index type '{ pending: { bg: string; color: string; border: string; }; approved: { bg: string; color: string; border: string; }; rejected: { bg: string; color: string; border: string; }; }'.
src/pages/oc/OCPermissions.tsx(43,35): error TS2339: Property 'status' does not exist on type 'never'.
src/pages/oc/OCPermissions.tsx(45,27): error TS2339: Property 'id' does not exist on type 'never'.
src/pages/oc/OCPermissions.tsx(49,86): error TS2339: Property 'profiles' does not exist on type 'never'.
src/pages/oc/OCPermissions.tsx(50,114): error TS2339: Property 'profiles' does not exist on type 'never'.
src/pages/oc/OCPermissions.tsx(51,211): error TS2339: Property 'status' does not exist on type 'never'.
src/pages/oc/OCPermissions.tsx(54,146): error TS2339: Property 'permission_requested' does not exist on type 'never'.
src/pages/oc/OCPermissions.tsx(55,86): error TS2339: Property 'reason' does not exist on type 'never'.
src/pages/oc/OCPermissions.tsx(57,132): error TS2339: Property 'created_at' does not exist on type 'never'.
src/pages/oc/OCPermissions.tsx(59,37): error TS2339: Property 'status' does not exist on type 'never'.
src/pages/oc/OCPermissions.tsx(61,61): error TS2339: Property 'id' does not exist on type 'never'.
src/pages/oc/OCPermissions.tsx(61,79): error TS2339: Property 'requester_id' does not exist on type 'never'.
src/pages/oc/OCPermissions.tsx(61,95): error TS2339: Property 'permission_requested' does not exist on type 'never'.
src/pages/oc/OCPermissions.tsx(63,61): error TS2339: Property 'id' does not exist on type 'never'.
src/pages/oc/OCPermissions.tsx(63,79): error TS2339: Property 'requester_id' does not exist on type 'never'.
src/pages/oc/OCPermissions.tsx(63,95): error TS2339: Property 'permission_requested' does not exist on type 'never'.
src/pages/oc/OCProjects.tsx(3,26): error TS7016: Could not find a declaration file for module '../../utils/supabase'. 'C:/Users/dbray/samriddhi-it-club/frontend/src/utils/supabase.js' implicitly has an 'any' type.
src/pages/oc/OCRecruitment.tsx(2,26): error TS7016: Could not find a declaration file for module '../../utils/supabase'. 'C:/Users/dbray/samriddhi-it-club/frontend/src/utils/supabase.js' implicitly has an 'any' type.
src/pages/oc/OCRecruitment.tsx(17,103): error TS7031: Binding element 'data' implicitly has an 'any' type.
src/pages/oc/OCRecruitment.tsx(50,17): error TS2345: Argument of type '(prev: never[]) => any[]' is not assignable to parameter of type 'SetStateAction<never[]>'.
  Type '(prev: never[]) => any[]' is not assignable to type '(prevState: never[]) => never[]'.
    Type 'any[]' is not assignable to type 'never[]'.
      Type 'any' is not assignable to type 'never'.
src/pages/oc/OCRecruitment.tsx(57,31): error TS7006: Parameter 'id' implicitly has an 'any' type.
src/pages/oc/OCRecruitment.tsx(57,35): error TS7006: Parameter 'status' implicitly has an 'any' type.
src/pages/oc/OCRecruitment.tsx(59,15): error TS2345: Argument of type '(prev: never[]) => any[]' is not assignable to parameter of type 'SetStateAction<never[]>'.
  Type '(prev: never[]) => any[]' is not assignable to type '(prevState: never[]) => never[]'.
    Type 'any[]' is not assignable to type 'never[]'.
      Type 'any' is not assignable to type 'never'.
src/pages/oc/OCRecruitment.tsx(59,39): error TS2339: Property 'id' does not exist on type 'never'.
src/pages/oc/OCRecruitment.tsx(59,53): error TS2698: Spread types may only be created from object types.
src/pages/oc/OCRecruitment.tsx(114,24): error TS7053: Element implicitly has an 'any' type because expression of type 'any' can't be used to index type '{ closed: { bg: string; color: string; border: string; }; open: { bg: string; color: string; border: string; }; reviewing: { bg: string; color: string; border: string; }; done: { bg: string; color: string; border: string; }; }'.
src/pages/oc/OCRecruitment.tsx(114,33): error TS2339: Property 'status' does not exist on type 'never'.
src/pages/oc/OCRecruitment.tsx(116,27): error TS2339: Property 'id' does not exist on type 'never'.
src/pages/oc/OCRecruitment.tsx(119,85): error TS2339: Property 'title' does not exist on type 'never'.
src/pages/oc/OCRecruitment.tsx(120,209): error TS2339: Property 'status' does not exist on type 'never'.
src/pages/oc/OCRecruitment.tsx(121,188): error TS2339: Property 'type' does not exist on type 'never'.
src/pages/oc/OCRecruitment.tsx(123,22): error TS2339: Property 'closes_at' does not exist on type 'never'.
src/pages/oc/OCRecruitment.tsx(123,117): error TS2339: Property 'closes_at' does not exist on type 'never'.
src/pages/oc/OCRecruitment.tsx(124,22): error TS2339: Property 'description' does not exist on type 'never'.
src/pages/oc/OCRecruitment.tsx(124,114): error TS2339: Property 'description' does not exist on type 'never'.
src/pages/oc/OCRecruitment.tsx(127,22): error TS2339: Property 'status' does not exist on type 'never'.
src/pages/oc/OCRecruitment.tsx(127,81): error TS2339: Property 'id' does not exist on type 'never'.
src/pages/oc/OCRecruitment.tsx(128,22): error TS2339: Property 'status' does not exist on type 'never'.
src/pages/oc/OCRecruitment.tsx(128,81): error TS2339: Property 'id' does not exist on type 'never'.
src/pages/oc/OCRecruitment.tsx(129,22): error TS2339: Property 'status' does not exist on type 'never'.
src/pages/oc/OCRecruitment.tsx(129,86): error TS2339: Property 'id' does not exist on type 'never'.
src/pages/oc/OCRecruitment.tsx(130,22): error TS2339: Property 'status' does not exist on type 'never'.
src/pages/oc/OCRecruitment.tsx(130,83): error TS2339: Property 'id' does not exist on type 'never'.
src/pages/oc/OCResources.tsx(2,26): error TS7016: Could not find a declaration file for module '../../utils/supabase'. 'C:/Users/dbray/samriddhi-it-club/frontend/src/utils/supabase.js' implicitly has an 'any' type.
src/pages/oc/OCResources.tsx(39,22): error TS2345: Argument of type '(prev: never[]) => any[]' is not assignable to parameter of type 'SetStateAction<never[]>'.
  Type '(prev: never[]) => any[]' is not assignable to type '(prevState: never[]) => never[]'.
    Type 'any[]' is not assignable to type 'never[]'.
      Type 'any' is not assignable to type 'never'.
src/pages/oc/OCResources.tsx(39,46): error TS2339: Property 'id' does not exist on type 'never'.
src/pages/oc/OCResources.tsx(39,64): error TS2698: Spread types may only be created from object types.
src/pages/oc/OCResources.tsx(43,32): error TS2345: Argument of type '(prev: never[]) => any[]' is not assignable to parameter of type 'SetStateAction<never[]>'.
  Type '(prev: never[]) => any[]' is not assignable to type '(prevState: never[]) => never[]'.
    Type 'any[]' is not assignable to type 'never[]'.
      Type 'any' is not assignable to type 'never'.
src/pages/oc/OCResources.tsx(48,35): error TS18046: 'err' is of type 'unknown'.
src/pages/oc/OCResources.tsx(54,31): error TS7006: Parameter 'id' implicitly has an 'any' type.
src/pages/oc/OCResources.tsx(57,55): error TS2339: Property 'id' does not exist on type 'never'.
src/pages/oc/OCResources.tsx(82,69): error TS7006: Parameter 'v' implicitly has an 'any' type.
src/pages/oc/OCResources.tsx(83,65): error TS7006: Parameter 'v' implicitly has an 'any' type.
src/pages/oc/OCResources.tsx(84,65): error TS7006: Parameter 'v' implicitly has an 'any' type.
src/pages/oc/OCResources.tsx(85,67): error TS7006: Parameter 'v' implicitly has an 'any' type.
src/pages/oc/OCResources.tsx(88,129): error TS2322: Type '{ resize: string; fontFamily: string; width: string; background: string; border: string; borderRadius: number; padding: string; color: string; fontSize: number; outline: string; }' is not assignable to type 'Properties<string | number, string & {}>'.
  Types of property 'resize' are incompatible.
    Type 'string' is not assignable to type 'Resize | undefined'.
src/pages/oc/OCResources.tsx(109,31): error TS2322: Type '{ padding: string; textAlign: string; fontSize: number; fontWeight: number; color: string; textTransform: string; }' is not assignable to type 'Properties<string | number, string & {}>'.
  Types of property 'textAlign' are incompatible.
    Type 'string' is not assignable to type 'TextAlign | undefined'.
src/pages/oc/OCResources.tsx(115,28): error TS2339: Property 'id' does not exist on type 'never'.
src/pages/oc/OCResources.tsx(116,45): error TS2339: Property 'url' does not exist on type 'never'.
src/pages/oc/OCResources.tsx(116,162): error TS2339: Property 'title' does not exist on type 'never'.
src/pages/oc/OCResources.tsx(117,55): error TS2339: Property 'type' does not exist on type 'never'.
src/pages/oc/OCResources.tsx(118,121): error TS2339: Property 'track' does not exist on type 'never'.
src/pages/oc/OCResources.tsx(119,53): error TS2339: Property 'created_at' does not exist on type 'never'.
src/pages/oc/OCResources.tsx(123,61): error TS2339: Property 'id' does not exist on type 'never'.
src/pages/oc/OCResources.tsx(135,22): error TS7006: Parameter 'res' implicitly has an 'any' type.
src/pages/oc/OCResources.tsx(141,22): error TS7031: Binding element 'label' implicitly has an 'any' type.
src/pages/oc/OCResources.tsx(141,29): error TS7031: Binding element 'value' implicitly has an 'any' type.
src/pages/oc/OCResources.tsx(141,36): error TS7031: Binding element 'onChange' implicitly has an 'any' type.
src/pages/oc/OCSiteSettings.tsx(2,26): error TS7016: Could not find a declaration file for module '../../utils/supabase'. 'C:/Users/dbray/samriddhi-it-club/frontend/src/utils/supabase.js' implicitly has an 'any' type.
src/pages/oc/OCSiteSettings.tsx(8,11): error TS2339: Property 'refetch' does not exist on type '{}'.
src/pages/oc/OCSiteSettings.tsx(18,77): error TS7031: Binding element 'data' implicitly has an 'any' type.
src/pages/oc/OCSiteSettings.tsx(18,83): error TS7031: Binding element 'error' implicitly has an 'any' type.
src/pages/oc/OCSiteSettings.tsx(70,77): error TS7006: Parameter 'v' implicitly has an 'any' type.
src/pages/oc/OCSiteSettings.tsx(71,73): error TS7006: Parameter 'v' implicitly has an 'any' type.
src/pages/oc/OCSiteSettings.tsx(73,83): error TS7006: Parameter 'url' implicitly has an 'any' type.
src/pages/oc/OCSiteSettings.tsx(75,92): error TS7006: Parameter 'v' implicitly has an 'any' type.
src/pages/oc/OCSiteSettings.tsx(76,98): error TS7006: Parameter 'v' implicitly has an 'any' type.
src/pages/oc/OCSiteSettings.tsx(82,85): error TS7006: Parameter 'v' implicitly has an 'any' type.
src/pages/oc/OCSiteSettings.tsx(83,83): error TS7006: Parameter 'v' implicitly has an 'any' type.
src/pages/oc/OCSiteSettings.tsx(84,87): error TS7006: Parameter 'v' implicitly has an 'any' type.
src/pages/oc/OCSiteSettings.tsx(92,33): error TS2339: Property 'about_description' does not exist on type '{ club_name: string; tagline: string; logo_url: string; hero_cta_text: string; contact_email: string; instagram_url: string; linkedin_url: string; github_org_url: string; maintenance_mode: boolean; }'.
src/pages/oc/OCSiteSettings.tsx(93,27): error TS7006: Parameter 'v' implicitly has an 'any' type.
src/pages/oc/OCSiteSettings.tsx(99,33): error TS2339: Property 'about_story' does not exist on type '{ club_name: string; tagline: string; logo_url: string; hero_cta_text: string; contact_email: string; instagram_url: string; linkedin_url: string; github_org_url: string; maintenance_mode: boolean; }'.
src/pages/oc/OCSiteSettings.tsx(100,27): error TS7006: Parameter 'v' implicitly has an 'any' type.
src/pages/oc/OCSiteSettings.tsx(110,61): error TS2339: Property 'stat_members' does not exist on type '{ club_name: string; tagline: string; logo_url: string; hero_cta_text: string; contact_email: string; instagram_url: string; linkedin_url: string; github_org_url: string; maintenance_mode: boolean; }'.
src/pages/oc/OCSiteSettings.tsx(110,85): error TS7006: Parameter 'v' implicitly has an 'any' type.
src/pages/oc/OCSiteSettings.tsx(111,60): error TS2339: Property 'stat_events' does not exist on type '{ club_name: string; tagline: string; logo_url: string; hero_cta_text: string; contact_email: string; instagram_url: string; linkedin_url: string; github_org_url: string; maintenance_mode: boolean; }'.
src/pages/oc/OCSiteSettings.tsx(111,83): error TS7006: Parameter 'v' implicitly has an 'any' type.
src/pages/oc/OCSiteSettings.tsx(112,61): error TS2339: Property 'stat_alumni' does not exist on type '{ club_name: string; tagline: string; logo_url: string; hero_cta_text: string; contact_email: string; instagram_url: string; linkedin_url: string; github_org_url: string; maintenance_mode: boolean; }'.
src/pages/oc/OCSiteSettings.tsx(112,84): error TS7006: Parameter 'v' implicitly has an 'any' type.
src/pages/oc/OCSiteSettings.tsx(113,64): error TS2339: Property 'stat_partners' does not exist on type '{ club_name: string; tagline: string; logo_url: string; hero_cta_text: string; contact_email: string; instagram_url: string; linkedin_url: string; github_org_url: string; maintenance_mode: boolean; }'.
src/pages/oc/OCSiteSettings.tsx(113,89): error TS7006: Parameter 'v' implicitly has an 'any' type.
src/pages/oc/OCSiteSettings.tsx(146,28): error TS7031: Binding element 'title' implicitly has an 'any' type.
src/pages/oc/OCSiteSettings.tsx(146,35): error TS7031: Binding element 'children' implicitly has an 'any' type.
src/pages/oc/OCSiteSettings.tsx(155,18): error TS7031: Binding element 'label' implicitly has an 'any' type.
src/pages/oc/OCSiteSettings.tsx(155,25): error TS7031: Binding element 'value' implicitly has an 'any' type.
src/pages/oc/OCSiteSettings.tsx(155,32): error TS7031: Binding element 'onChange' implicitly has an 'any' type.
src/pages/oc/OCSiteSettings.tsx(168,21): error TS7031: Binding element 'label' implicitly has an 'any' type.
src/pages/oc/OCSiteSettings.tsx(168,28): error TS7031: Binding element 'value' implicitly has an 'any' type.
src/pages/oc/OCSiteSettings.tsx(168,35): error TS7031: Binding element 'onChange' implicitly has an 'any' type.
src/pages/oc/OCSiteSettings.tsx(182,23): error TS7031: Binding element 'label' implicitly has an 'any' type.
src/pages/oc/OCSiteSettings.tsx(182,30): error TS7031: Binding element 'value' implicitly has an 'any' type.
src/pages/oc/OCSiteSettings.tsx(182,37): error TS7031: Binding element 'onChange' implicitly has an 'any' type.
src/pages/oc/OCSiteSettings.tsx(187,29): error TS7006: Parameter 'e' implicitly has an 'any' type.
src/pages/oc/OCSiteSettings.tsx(226,34): error TS18046: 'err' is of type 'unknown'.
src/pages/oc/OCSiteSettings.tsx(242,62): error TS2339: Property 'click' does not exist on type 'never'.
src/pages/oc/OCSponsors.tsx(2,26): error TS7016: Could not find a declaration file for module '../../utils/supabase'. 'C:/Users/dbray/samriddhi-it-club/frontend/src/utils/supabase.js' implicitly has an 'any' type.
src/pages/oc/OCSponsors.tsx(14,71): error TS2345: Argument of type 'string | undefined' is not assignable to parameter of type 'string'.
  Type 'undefined' is not assignable to type 'string'.
src/pages/oc/OCSponsors.tsx(17,65): error TS7031: Binding element 'data' implicitly has an 'any' type.
src/pages/oc/OCSponsors.tsx(25,27): error TS2345: Argument of type '(prev: never[]) => any[]' is not assignable to parameter of type 'SetStateAction<never[]>'.
  Type '(prev: never[]) => any[]' is not assignable to type '(prevState: never[]) => never[]'.
    Type 'any[]' is not assignable to type 'never[]'.
      Type 'any' is not assignable to type 'never'.
src/pages/oc/OCSponsors.tsx(29,31): error TS7006: Parameter 'id' implicitly has an 'any' type.
src/pages/oc/OCSponsors.tsx(29,35): error TS7006: Parameter 'current' implicitly has an 'any' type.
src/pages/oc/OCSponsors.tsx(31,17): error TS2345: Argument of type '(prev: never[]) => any[]' is not assignable to parameter of type 'SetStateAction<never[]>'.
  Type '(prev: never[]) => any[]' is not assignable to type '(prevState: never[]) => never[]'.
    Type 'any[]' is not assignable to type 'never[]'.
      Type 'any' is not assignable to type 'never'.
src/pages/oc/OCSponsors.tsx(31,41): error TS2339: Property 'id' does not exist on type 'never'.
src/pages/oc/OCSponsors.tsx(31,55): error TS2698: Spread types may only be created from object types.
src/pages/oc/OCSponsors.tsx(34,31): error TS7006: Parameter 'id' implicitly has an 'any' type.
src/pages/oc/OCSponsors.tsx(37,44): error TS2339: Property 'id' does not exist on type 'never'.
src/pages/oc/OCSponsors.tsx(61,31): error TS7053: Element implicitly has an 'any' type because expression of type 'string' can't be used to index type '{ name: string; logo_url: string; website_url: string; tier: string; contact_email: string; amount: string; is_active: boolean; }'.
  No index signature with a parameter of type 'string' was found on type '{ name: string; logo_url: string; website_url: string; tier: string; contact_email: string; amount: string; is_active: boolean; }'.
src/pages/oc/OCSponsors.tsx(86,25): error TS2339: Property 'id' does not exist on type 'never'.
src/pages/oc/OCSponsors.tsx(88,108): error TS7053: Element implicitly has an 'any' type because expression of type 'any' can't be used to index type '{ gold: string; silver: string; bronze: string; partner: string; }'.
src/pages/oc/OCSponsors.tsx(88,122): error TS2339: Property 'tier' does not exist on type 'never'.
src/pages/oc/OCSponsors.tsx(88,161): error TS7053: Element implicitly has an 'any' type because expression of type 'any' can't be used to index type '{ gold: string; silver: string; bronze: string; partner: string; }'.
src/pages/oc/OCSponsors.tsx(88,175): error TS2339: Property 'tier' does not exist on type 'never'.
src/pages/oc/OCSponsors.tsx(88,227): error TS7053: Element implicitly has an 'any' type because expression of type 'any' can't be used to index type '{ gold: string; silver: string; bronze: string; partner: string; }'.
src/pages/oc/OCSponsors.tsx(88,241): error TS2339: Property 'tier' does not exist on type 'never'.
src/pages/oc/OCSponsors.tsx(88,306): error TS2339: Property 'tier' does not exist on type 'never'.
src/pages/oc/OCSponsors.tsx(89,115): error TS2339: Property 'is_active' does not exist on type 'never'.
src/pages/oc/OCSponsors.tsx(89,186): error TS2339: Property 'is_active' does not exist on type 'never'.
src/pages/oc/OCSponsors.tsx(89,226): error TS2339: Property 'is_active' does not exist on type 'never'.
src/pages/oc/OCSponsors.tsx(91,18): error TS2339: Property 'logo_url' does not exist on type 'never'.
src/pages/oc/OCSponsors.tsx(91,41): error TS2339: Property 'logo_url' does not exist on type 'never'.
src/pages/oc/OCSponsors.tsx(91,58): error TS2339: Property 'name' does not exist on type 'never'.
src/pages/oc/OCSponsors.tsx(91,375): error TS2339: Property 'name' does not exist on type 'never'.
src/pages/oc/OCSponsors.tsx(92,95): error TS2339: Property 'name' does not exist on type 'never'.
src/pages/oc/OCSponsors.tsx(93,29): error TS2339: Property 'contact_email' does not exist on type 'never'.
src/pages/oc/OCSponsors.tsx(93,122): error TS2339: Property 'contact_email' does not exist on type 'never'.
src/pages/oc/OCSponsors.tsx(94,29): error TS2339: Property 'amount' does not exist on type 'never'.
src/pages/oc/OCSponsors.tsx(94,133): error TS2339: Property 'amount' does not exist on type 'never'.
src/pages/oc/OCSponsors.tsx(97,57): error TS2339: Property 'id' does not exist on type 'never'.
src/pages/oc/OCSponsors.tsx(97,63): error TS2339: Property 'is_active' does not exist on type 'never'.
src/pages/oc/OCSponsors.tsx(97,140): error TS2339: Property 'is_active' does not exist on type 'never'.
src/pages/oc/OCSponsors.tsx(97,225): error TS2339: Property 'is_active' does not exist on type 'never'.
src/pages/oc/OCSponsors.tsx(97,300): error TS2339: Property 'is_active' does not exist on type 'never'.
src/pages/oc/OCSponsors.tsx(97,373): error TS2339: Property 'is_active' does not exist on type 'never'.
src/pages/oc/OCSponsors.tsx(98,57): error TS2339: Property 'id' does not exist on type 'never'.
src/pages/public/About.tsx(3,26): error TS7016: Could not find a declaration file for module '../../utils/supabase'. 'C:/Users/dbray/samriddhi-it-club/frontend/src/utils/supabase.js' implicitly has an 'any' type.
src/pages/public/About.tsx(6,22): error TS7006: Parameter 'name' implicitly has an 'any' type.
src/pages/public/About.tsx(8,30): error TS7006: Parameter 'n' implicitly has an 'any' type.
src/pages/public/About.tsx(62,11): error TS2339: Property 'settings' does not exist on type '{}'.
src/pages/public/About.tsx(236,34): error TS2339: Property 'id' does not exist on type 'never'.
src/pages/public/About.tsx(242,29): error TS2339: Property 'photo_url' does not exist on type 'never'.
src/pages/public/About.tsx(243,42): error TS2339: Property 'photo_url' does not exist on type 'never'.
src/pages/public/About.tsx(243,65): error TS2339: Property 'full_name' does not exist on type 'never'.
src/pages/public/About.tsx(245,47): error TS2339: Property 'full_name' does not exist on type 'never'.
src/pages/public/About.tsx(254,107): error TS2339: Property 'full_name' does not exist on type 'never'.
src/pages/public/About.tsx(255,29): error TS2339: Property 'oc_position' does not exist on type 'never'.
src/pages/public/About.tsx(257,33): error TS2339: Property 'oc_position' does not exist on type 'never'.
src/pages/public/About.tsx(260,29): error TS2339: Property 'bio' does not exist on type 'never'.
src/pages/public/About.tsx(261,122): error TS2339: Property 'bio' does not exist on type 'never'.
src/pages/public/About.tsx(261,147): error TS2339: Property 'bio' does not exist on type 'never'.
src/pages/public/About.tsx(265,31): error TS2339: Property 'github_url' does not exist on type 'never'.
src/pages/public/About.tsx(266,41): error TS2339: Property 'github_url' does not exist on type 'never'.
src/pages/public/About.tsx(274,31): error TS2339: Property 'linkedin_url' does not exist on type 'never'.
src/pages/public/About.tsx(275,41): error TS2339: Property 'linkedin_url' does not exist on type 'never'.
src/pages/public/Blog.tsx(3,26): error TS7016: Could not find a declaration file for module '../../utils/supabase'. 'C:/Users/dbray/samriddhi-it-club/frontend/src/utils/supabase.js' implicitly has an 'any' type.
src/pages/public/Blog.tsx(18,22): error TS7006: Parameter 'cat' implicitly has an 'any' type.
src/pages/public/Blog.tsx(19,10): error TS7053: Element implicitly has an 'any' type because expression of type 'any' can't be used to index type '{ development: { bg: string; color: string; border: string; }; 'ai/ml': { bg: string; color: string; border: string; }; 'ai-ml': { bg: string; color: string; border: string; }; career: { bg: string; color: string; border: string; }; 'club news': { ...; }; 'club-news': { ...; }; design: { ...; }; }'.
src/pages/public/Blog.tsx(22,22): error TS7006: Parameter 'name' implicitly has an 'any' type.
src/pages/public/Blog.tsx(24,30): error TS7006: Parameter 'n' implicitly has an 'any' type.
src/pages/public/Blog.tsx(49,46): error TS2339: Property 'category' does not exist on type 'never'.
src/pages/public/Blog.tsx(50,27): error TS2339: Property 'title' does not exist on type 'never'.
src/pages/public/Blog.tsx(130,37): error TS2339: Property 'id' does not exist on type 'never'.
src/pages/public/Blog.tsx(158,21): error TS7031: Binding element 'post' implicitly has an 'any' type.
src/pages/public/Blog.tsx(188,42): error TS7006: Parameter 'tag' implicitly has an 'any' type.
src/pages/public/BlogPost.tsx(3,26): error TS7016: Could not find a declaration file for module '../../utils/supabase'. 'C:/Users/dbray/samriddhi-it-club/frontend/src/utils/supabase.js' implicitly has an 'any' type.
src/pages/public/BlogPost.tsx(7,22): error TS7006: Parameter 'name' implicitly has an 'any' type.
src/pages/public/BlogPost.tsx(9,30): error TS7006: Parameter 'n' implicitly has an 'any' type.
src/pages/public/BlogPost.tsx(20,22): error TS7006: Parameter 'cat' implicitly has an 'any' type.
src/pages/public/BlogPost.tsx(21,10): error TS7053: Element implicitly has an 'any' type because expression of type 'any' can't be used to index type '{ development: { bg: string; color: string; border: string; }; 'ai-ml': { bg: string; color: string; border: string; }; career: { bg: string; color: string; border: string; }; 'club-news': { bg: string; color: string; border: string; }; design: { ...; }; }'.
src/pages/public/BlogPost.tsx(30,11): error TS2339: Property 'settings' does not exist on type '{}'.
src/pages/public/BlogPost.tsx(76,26): error TS18047: 'post' is possibly 'null'.
src/pages/public/BlogPost.tsx(88,16): error TS18047: 'post' is possibly 'null'.
src/pages/public/BlogPost.tsx(89,29): error TS18047: 'post' is possibly 'null'.
src/pages/public/BlogPost.tsx(89,56): error TS18047: 'post' is possibly 'null'.
src/pages/public/BlogPost.tsx(102,57): error TS18047: 'post' is possibly 'null'.
src/pages/public/BlogPost.tsx(106,16): error TS18047: 'post' is possibly 'null'.
src/pages/public/BlogPost.tsx(108,20): error TS18047: 'post' is possibly 'null'.
src/pages/public/BlogPost.tsx(114,18): error TS18047: 'post' is possibly 'null'.
src/pages/public/BlogPost.tsx(120,20): error TS18047: 'post' is possibly 'null'.
src/pages/public/BlogPost.tsx(121,31): error TS18047: 'post' is possibly 'null'.
src/pages/public/BlogPost.tsx(121,61): error TS18047: 'post' is possibly 'null'.
src/pages/public/BlogPost.tsx(124,36): error TS18047: 'post' is possibly 'null'.
src/pages/public/BlogPost.tsx(128,82): error TS18047: 'post' is possibly 'null'.
src/pages/public/BlogPost.tsx(130,24): error TS18047: 'post' is possibly 'null'.
src/pages/public/BlogPost.tsx(130,55): error TS18047: 'post' is possibly 'null'.
src/pages/public/BlogPost.tsx(130,104): error TS18047: 'post' is possibly 'null'.
src/pages/public/BlogPost.tsx(135,37): error TS18047: 'post' is possibly 'null'.
src/pages/public/BlogPost.tsx(137,26): error TS18047: 'post' is possibly 'null'.
src/pages/public/BlogPost.tsx(160,14): error TS18047: 'post' is possibly 'null'.
src/pages/public/BlogPost.tsx(165,10): error TS18047: 'post' is possibly 'null'.
src/pages/public/BlogPost.tsx(167,14): error TS18047: 'post' is possibly 'null'.
src/pages/public/BlogPost.tsx(167,28): error TS7006: Parameter 'tag' implicitly has an 'any' type.
src/pages/public/BlogPost.tsx(177,12): error TS18047: 'post' is possibly 'null'.
src/pages/public/BlogPost.tsx(178,23): error TS18047: 'post' is possibly 'null'.
src/pages/public/BlogPost.tsx(178,53): error TS18047: 'post' is possibly 'null'.
src/pages/public/BlogPost.tsx(181,28): error TS18047: 'post' is possibly 'null'.
src/pages/public/BlogPost.tsx(186,91): error TS18047: 'post' is possibly 'null'.
src/pages/public/BlogPost.tsx(187,14): error TS18047: 'post' is possibly 'null'.
src/pages/public/BlogPost.tsx(188,107): error TS18047: 'post' is possibly 'null'.
src/pages/public/BlogPost.tsx(191,16): error TS18047: 'post' is possibly 'null'.
src/pages/public/BlogPost.tsx(192,26): error TS18047: 'post' is possibly 'null'.
src/pages/public/BlogPost.tsx(201,16): error TS18047: 'post' is possibly 'null'.
src/pages/public/BlogPost.tsx(202,26): error TS18047: 'post' is possibly 'null'.
src/pages/public/BlogPost.tsx(221,43): error TS2339: Property 'category' does not exist on type 'never'.
src/pages/public/BlogPost.tsx(223,32): error TS2339: Property 'id' does not exist on type 'never'.
src/pages/public/BlogPost.tsx(223,51): error TS2339: Property 'slug' does not exist on type 'never'.
src/pages/public/BlogPost.tsx(229,28): error TS2339: Property 'cover_image_url' does not exist on type 'never'.
src/pages/public/BlogPost.tsx(230,41): error TS2339: Property 'cover_image_url' does not exist on type 'never'.
src/pages/public/BlogPost.tsx(230,65): error TS2339: Property 'title' does not exist on type 'never'.
src/pages/public/BlogPost.tsx(235,28): error TS2339: Property 'category' does not exist on type 'never'.
src/pages/public/BlogPost.tsx(237,32): error TS2339: Property 'category' does not exist on type 'never'.
src/pages/public/BlogPost.tsx(240,122): error TS2339: Property 'title' does not exist on type 'never'.
src/pages/public/BlogPost.tsx(241,125): error TS2339: Property 'read_time_mins' does not exist on type 'never'.
src/pages/public/Contact.tsx(2,26): error TS7016: Could not find a declaration file for module '../../utils/supabase'. 'C:/Users/dbray/samriddhi-it-club/frontend/src/utils/supabase.js' implicitly has an 'any' type.
src/pages/public/Contact.tsx(11,31): error TS7006: Parameter 'e' implicitly has an 'any' type.
src/pages/public/Contact.tsx(46,16): error TS18046: 'err' is of type 'unknown'.
src/pages/public/Contact.tsx(83,116): error TS2353: Object literal may only specify known properties, and 'mb' does not exist in type 'Properties<string | number, string & {}>'.
src/pages/public/Contact.tsx(143,179): error TS2322: Type '{ resize: string; fontFamily: string; width: string; background: string; border: string; borderRadius: number; padding: string; color: string; fontSize: number; outline: string; transition: string; }' is not assignable to type 'Properties<string | number, string & {}>'.
  Types of property 'resize' are incompatible.
    Type 'string' is not assignable to type 'Resize | undefined'.
src/pages/public/Contact.tsx(162,24): error TS7031: Binding element 'icon' implicitly has an 'any' type.
src/pages/public/Contact.tsx(162,30): error TS7031: Binding element 'label' implicitly has an 'any' type.
src/pages/public/Contact.tsx(162,37): error TS7031: Binding element 'value' implicitly has an 'any' type.
src/pages/public/EventDetail.tsx(3,26): error TS7016: Could not find a declaration file for module '../../utils/supabase'. 'C:/Users/dbray/samriddhi-it-club/frontend/src/utils/supabase.js' implicitly has an 'any' type.
src/pages/public/EventDetail.tsx(99,14): error TS7053: Element implicitly has an 'any' type because expression of type 'any' can't be used to index type '{ upcoming: { label: string; bg: string; color: string; border: string; }; ongoing: { label: string; bg: string; color: string; border: string; }; completed: { label: string; bg: string; color: string; border: string; }; cancelled: { ...; }; }'.
src/pages/public/EventDetail.tsx(99,34): error TS2339: Property 'status' does not exist on type 'never'.
src/pages/public/EventDetail.tsx(100,62): error TS2339: Property 'status' does not exist on type 'never'.
src/pages/public/EventDetail.tsx(121,22): error TS2339: Property 'banner_url' does not exist on type 'never'.
src/pages/public/EventDetail.tsx(122,33): error TS2339: Property 'banner_url' does not exist on type 'never'.
src/pages/public/EventDetail.tsx(122,56): error TS2339: Property 'title' does not exist on type 'never'.
src/pages/public/EventDetail.tsx(132,122): error TS7053: Element implicitly has an 'any' type because expression of type 'any' can't be used to index type '{ hackathon: string; workshop: string; seminar: string; bootcamp: string; social: string; fest: string; }'.
src/pages/public/EventDetail.tsx(132,139): error TS2339: Property 'type' does not exist on type 'never'.
src/pages/public/EventDetail.tsx(132,172): error TS2339: Property 'type' does not exist on type 'never'.
src/pages/public/EventDetail.tsx(135,220): error TS2339: Property 'title' does not exist on type 'never'.
src/pages/public/EventDetail.tsx(140,26): error TS2339: Property 'description' does not exist on type 'never'.
src/pages/public/EventDetail.tsx(152,18): error TS2741: Property 'isUrgent' is missing in type '{ icon: Element; label: string; value: string; }' but required in type '{ icon: any; label: any; value: any; isUrgent: any; }'.
src/pages/public/EventDetail.tsx(155,47): error TS2339: Property 'event_date' does not exist on type 'never'.
src/pages/public/EventDetail.tsx(157,18): error TS2741: Property 'isUrgent' is missing in type '{ icon: Element; label: string; value: any; }' but required in type '{ icon: any; label: any; value: any; isUrgent: any; }'.
src/pages/public/EventDetail.tsx(160,32): error TS2339: Property 'location' does not exist on type 'never'.
src/pages/public/EventDetail.tsx(162,24): error TS2339: Property 'max_participants' does not exist on type 'never'.
src/pages/public/EventDetail.tsx(163,20): error TS2741: Property 'isUrgent' is missing in type '{ icon: Element; label: string; value: string; }' but required in type '{ icon: any; label: any; value: any; isUrgent: any; }'.
src/pages/public/EventDetail.tsx(166,37): error TS2339: Property 'max_participants' does not exist on type 'never'.
src/pages/public/EventDetail.tsx(169,24): error TS2339: Property 'registration_deadline' does not exist on type 'never'.
src/pages/public/EventDetail.tsx(173,49): error TS2339: Property 'registration_deadline' does not exist on type 'never'.
src/pages/public/EventDetail.tsx(174,46): error TS2339: Property 'registration_deadline' does not exist on type 'never'.
src/pages/public/EventDetail.tsx(187,24): error TS2339: Property 'external_link' does not exist on type 'never'.
src/pages/public/EventDetail.tsx(188,34): error TS2339: Property 'external_link' does not exist on type 'never'.
src/pages/public/EventDetail.tsx(230,23): error TS7031: Binding element 'icon' implicitly has an 'any' type.
src/pages/public/EventDetail.tsx(230,29): error TS7031: Binding element 'label' implicitly has an 'any' type.
src/pages/public/EventDetail.tsx(230,36): error TS7031: Binding element 'value' implicitly has an 'any' type.
src/pages/public/EventDetail.tsx(230,43): error TS7031: Binding element 'isUrgent' implicitly has an 'any' type.
src/pages/public/Events.tsx(4,26): error TS7016: Could not find a declaration file for module '../../utils/supabase'. 'C:/Users/dbray/samriddhi-it-club/frontend/src/utils/supabase.js' implicitly has an 'any' type.
src/pages/public/Events.tsx(59,32): error TS7006: Parameter 'r' implicitly has an 'any' type.
src/pages/public/Events.tsx(62,33): error TS7006: Parameter 'eventId' implicitly has an 'any' type.
src/pages/public/Events.tsx(69,24): error TS2345: Argument of type '(prev: never[]) => any[]' is not assignable to parameter of type 'SetStateAction<never[]>'.
  Type '(prev: never[]) => any[]' is not assignable to type '(prevState: never[]) => never[]'.
    Type 'any[]' is not assignable to type 'never[]'.
      Type 'any' is not assignable to type 'never'.
src/pages/public/Events.tsx(76,35): error TS7006: Parameter 'eventId' implicitly has an 'any' type.
src/pages/public/Events.tsx(88,49): error TS2339: Property 'type' does not exist on type 'never'.
src/pages/public/Events.tsx(90,44): error TS2339: Property 'status' does not exist on type 'never'.
src/pages/public/Events.tsx(91,11): error TS2339: Property 'status' does not exist on type 'never'.
src/pages/public/Events.tsx(92,27): error TS2339: Property 'title' does not exist on type 'never'.
src/pages/public/Events.tsx(185,28): error TS7053: Element implicitly has an 'any' type because expression of type 'any' can't be used to index type '{ upcoming: { label: string; bg: string; color: string; border: string; }; ongoing: { label: string; bg: string; color: string; border: string; }; completed: { label: string; bg: string; color: string; border: string; }; cancelled: { ...; }; }'.
src/pages/public/Events.tsx(185,48): error TS2339: Property 'status' does not exist on type 'never'.
src/pages/public/Events.tsx(186,61): error TS2345: Argument of type 'any' is not assignable to parameter of type 'never'.
src/pages/public/Events.tsx(186,67): error TS2339: Property 'id' does not exist on type 'never'.
src/pages/public/Events.tsx(187,76): error TS2339: Property 'status' does not exist on type 'never'.
src/pages/public/Events.tsx(190,35): error TS2339: Property 'id' does not exist on type 'never'.
src/pages/public/Events.tsx(194,62): error TS2339: Property 'id' does not exist on type 'never'.
src/pages/public/Events.tsx(198,30): error TS2339: Property 'banner_url' does not exist on type 'never'.
src/pages/public/Events.tsx(199,43): error TS2339: Property 'banner_url' does not exist on type 'never'.
src/pages/public/Events.tsx(199,66): error TS2339: Property 'title' does not exist on type 'never'.
src/pages/public/Events.tsx(214,129): error TS7053: Element implicitly has an 'any' type because expression of type 'any' can't be used to index type '{ hackathon: string; workshop: string; seminar: string; bootcamp: string; social: string; fest: string; }'.
src/pages/public/Events.tsx(214,146): error TS2339: Property 'type' does not exist on type 'never'.
src/pages/public/Events.tsx(214,214): error TS2339: Property 'type' does not exist on type 'never'.
src/pages/public/Events.tsx(215,125): error TS2339: Property 'title' does not exist on type 'never'.
src/pages/public/Events.tsx(216,30): error TS2339: Property 'description' does not exist on type 'never'.
src/pages/public/Events.tsx(218,34): error TS2339: Property 'description' does not exist on type 'never'.
src/pages/public/Events.tsx(224,32): error TS2339: Property 'event_date' does not exist on type 'never'.
src/pages/public/Events.tsx(227,51): error TS2339: Property 'event_date' does not exist on type 'never'.
src/pages/public/Events.tsx(230,32): error TS2339: Property 'location' does not exist on type 'never'.
src/pages/public/Events.tsx(233,36): error TS2339: Property 'location' does not exist on type 'never'.
src/pages/public/Events.tsx(236,32): error TS2339: Property 'max_participants' does not exist on type 'never'.
src/pages/public/Events.tsx(239,36): error TS2339: Property 'max_participants' does not exist on type 'never'.
src/pages/public/Events.tsx(246,116): error TS2339: Property 'id' does not exist on type 'never'.
src/pages/public/Events.tsx(246,143): error TS2339: Property 'id' does not exist on type 'never'.
src/pages/public/Events.tsx(275,25): error TS2339: Property 'banner_url' does not exist on type 'never'.
src/pages/public/Events.tsx(276,38): error TS2339: Property 'banner_url' does not exist on type 'never'.
src/pages/public/Events.tsx(276,64): error TS2339: Property 'title' does not exist on type 'never'.
src/pages/public/Events.tsx(284,29): error TS2339: Property 'type' does not exist on type 'never'.
src/pages/public/Events.tsx(284,56): error TS2339: Property 'event_date' does not exist on type 'never'.
src/pages/public/Events.tsx(298,29): error TS2339: Property 'title' does not exist on type 'never'.
src/pages/public/Events.tsx(300,27): error TS2339: Property 'description' does not exist on type 'never'.
src/pages/public/Events.tsx(303,109): error TS2339: Property 'description' does not exist on type 'never'.
src/pages/public/Events.tsx(311,29): error TS2339: Property 'registration_deadline' does not exist on type 'never'.
src/pages/public/Events.tsx(314,62): error TS2339: Property 'registration_deadline' does not exist on type 'never'.
src/pages/public/Events.tsx(322,33): error TS2339: Property 'max_participants' does not exist on type 'never'.
src/pages/public/Events.tsx(331,31): error TS2339: Property 'external_link' does not exist on type 'never'.
src/pages/public/Events.tsx(332,41): error TS2339: Property 'external_link' does not exist on type 'never'.
src/pages/public/Events.tsx(338,63): error TS2345: Argument of type 'any' is not assignable to parameter of type 'never'.
src/pages/public/Events.tsx(338,72): error TS2339: Property 'id' does not exist on type 'never'.
src/pages/public/Events.tsx(338,104): error TS2339: Property 'id' does not exist on type 'never'.
src/pages/public/Events.tsx(338,134): error TS2339: Property 'id' does not exist on type 'never'.
src/pages/public/Events.tsx(339,92): error TS2339: Property 'status' does not exist on type 'never'.
src/pages/public/Events.tsx(340,118): error TS2345: Argument of type 'any' is not assignable to parameter of type 'never'.
src/pages/public/Events.tsx(340,127): error TS2339: Property 'id' does not exist on type 'never'.
src/pages/public/Events.tsx(340,203): error TS2345: Argument of type 'any' is not assignable to parameter of type 'never'.
src/pages/public/Events.tsx(340,212): error TS2339: Property 'id' does not exist on type 'never'.
src/pages/public/Events.tsx(340,290): error TS2345: Argument of type 'any' is not assignable to parameter of type 'never'.
src/pages/public/Events.tsx(340,299): error TS2339: Property 'id' does not exist on type 'never'.
src/pages/public/Events.tsx(341,71): error TS2345: Argument of type 'any' is not assignable to parameter of type 'never'.
src/pages/public/Events.tsx(341,80): error TS2339: Property 'id' does not exist on type 'never'.
src/pages/public/Events.tsx(348,31): error TS2339: Property 'max_participants' does not exist on type 'never'.
src/pages/public/Events.tsx(348,67): error TS2339: Property 'max_participants' does not exist on type 'never'.
src/pages/public/Events.tsx(354,29): error TS2339: Property 'event_date' does not exist on type 'never'.
src/pages/public/Events.tsx(357,48): error TS2339: Property 'event_date' does not exist on type 'never'.
src/pages/public/Events.tsx(360,29): error TS2339: Property 'location' does not exist on type 'never'.
src/pages/public/Events.tsx(363,33): error TS2339: Property 'location' does not exist on type 'never'.
src/pages/public/Gallery.tsx(2,26): error TS7016: Could not find a declaration file for module '../../utils/supabase'. 'C:/Users/dbray/samriddhi-it-club/frontend/src/utils/supabase.js' implicitly has an 'any' type.
src/pages/public/Gallery.tsx(76,26): error TS2339: Property 'id' does not exist on type 'never'.
src/pages/public/Gallery.tsx(84,28): error TS2339: Property 'image_url' does not exist on type 'never'.
src/pages/public/Gallery.tsx(85,28): error TS2339: Property 'caption' does not exist on type 'never'.
src/pages/public/Gallery.tsx(94,101): error TS2339: Property 'caption' does not exist on type 'never'.
src/pages/public/Gallery.tsx(96,38): error TS2339: Property 'profiles' does not exist on type 'never'.
src/pages/public/Gallery.tsx(118,36): error TS2339: Property 'image_url' does not exist on type 'never'.
src/pages/public/Gallery.tsx(119,36): error TS2339: Property 'caption' does not exist on type 'never'.
src/pages/public/Gallery.tsx(123,138): error TS2339: Property 'caption' does not exist on type 'never'.
src/pages/public/Gallery.tsx(125,83): error TS2339: Property 'profiles' does not exist on type 'never'.
src/pages/public/Gallery.tsx(125,155): error TS2339: Property 'created_at' does not exist on type 'never'.
src/pages/public/Home.tsx(3,26): error TS7016: Could not find a declaration file for module '../../utils/supabase'. 'C:/Users/dbray/samriddhi-it-club/frontend/src/utils/supabase.js' implicitly has an 'any' type.
src/pages/public/Home.tsx(19,11): error TS2339: Property 'settings' does not exist on type '{}'.
src/pages/public/Home.tsx(42,9): error TS2322: Type 'Timeout' is not assignable to type 'null'.
src/pages/public/Home.tsx(44,9): error TS2322: Type 'Timeout' is not assignable to type 'null'.
src/pages/public/Home.tsx(48,9): error TS2322: Type 'Timeout' is not assignable to type 'null'.
src/pages/public/Home.tsx(54,31): error TS2769: No overload matches this call.
  Overload 1 of 2, '(timeout: string | number | Timeout | undefined): void', gave the following error.
    Argument of type 'null' is not assignable to parameter of type 'string | number | Timeout | undefined'.
  Overload 2 of 2, '(id: number | undefined): void', gave the following error.
    Argument of type 'null' is not assignable to parameter of type 'number | undefined'.
src/pages/public/Home.tsx(176,131): error TS2339: Property 'id' does not exist on type 'never'.
src/pages/public/Home.tsx(187,135): error TS2339: Property 'id' does not exist on type 'never'.
src/pages/public/Home.tsx(198,129): error TS2339: Property 'id' does not exist on type 'never'.
src/pages/public/Home.tsx(235,26): error TS7031: Binding element 'eyebrow' implicitly has an 'any' type.
src/pages/public/Home.tsx(235,35): error TS7031: Binding element 'title' implicitly has an 'any' type.
src/pages/public/Home.tsx(235,42): error TS7031: Binding element 'linkTo' implicitly has an 'any' type.
src/pages/public/Home.tsx(235,50): error TS7031: Binding element 'linkLabel' implicitly has an 'any' type.
src/pages/public/Home.tsx(250,22): error TS7031: Binding element 'event' implicitly has an 'any' type.
src/pages/public/Home.tsx(257,14): error TS7053: Element implicitly has an 'any' type because expression of type 'any' can't be used to index type '{ upcoming: { label: string; bg: string; color: string; border: string; }; ongoing: { label: string; bg: string; color: string; border: string; }; completed: { label: string; bg: string; color: string; border: string; }; }'.
src/pages/public/Home.tsx(277,117): error TS7053: Element implicitly has an 'any' type because expression of type 'any' can't be used to index type '{ hackathon: string; workshop: string; seminar: string; bootcamp: string; social: string; fest: string; }'.
src/pages/public/Home.tsx(310,24): error TS7031: Binding element 'project' implicitly has an 'any' type.
src/pages/public/Home.tsx(337,51): error TS7006: Parameter 't' implicitly has an 'any' type.
src/pages/public/Home.tsx(362,21): error TS7031: Binding element 'post' implicitly has an 'any' type.
src/pages/public/Home.tsx(379,119): error TS7053: Element implicitly has an 'any' type because expression of type 'any' can't be used to index type '{ development: string; 'ai-ml': string; career: string; 'club-news': string; }'.
src/pages/public/Home.tsx(379,173): error TS7053: Element implicitly has an 'any' type because expression of type 'any' can't be used to index type '{ development: string; 'ai-ml': string; career: string; 'club-news': string; }'.
src/pages/public/Home.tsx(399,23): error TS7031: Binding element 'message' implicitly has an 'any' type.
src/pages/public/Home.tsx(399,32): error TS7031: Binding element 'sub' implicitly has an 'any' type.
src/pages/public/Opportunities.tsx(3,26): error TS7016: Could not find a declaration file for module '../../utils/supabase'. 'C:/Users/dbray/samriddhi-it-club/frontend/src/utils/supabase.js' implicitly has an 'any' type.
src/pages/public/Opportunities.tsx(28,68): error TS2339: Property 'type' does not exist on type 'never'.
src/pages/public/Opportunities.tsx(69,26): error TS2339: Property 'link' does not exist on type 'never'.
src/pages/public/Opportunities.tsx(69,81): error TS2339: Property 'id' does not exist on type 'never'.
src/pages/public/Opportunities.tsx(75,198): error TS2339: Property 'type' does not exist on type 'never'.
src/pages/public/Opportunities.tsx(76,24): error TS2339: Property 'deadline' does not exist on type 'never'.
src/pages/public/Opportunities.tsx(76,119): error TS2339: Property 'deadline' does not exist on type 'never'.
src/pages/public/Opportunities.tsx(78,101): error TS2339: Property 'title' does not exist on type 'never'.
src/pages/public/Opportunities.tsx(79,117): error TS2339: Property 'description' does not exist on type 'never'.
src/pages/public/ProjectDetail.tsx(3,26): error TS7016: Could not find a declaration file for module '../../utils/supabase'. 'C:/Users/dbray/samriddhi-it-club/frontend/src/utils/supabase.js' implicitly has an 'any' type.
src/pages/public/ProjectDetail.tsx(11,11): error TS2339: Property 'settings' does not exist on type '{}'.
src/pages/public/ProjectDetail.tsx(61,24): error TS2339: Property 'banner_url' does not exist on type 'never'.
src/pages/public/ProjectDetail.tsx(62,35): error TS2339: Property 'banner_url' does not exist on type 'never'.
src/pages/public/ProjectDetail.tsx(62,60): error TS2339: Property 'title' does not exist on type 'never'.
src/pages/public/ProjectDetail.tsx(71,222): error TS2339: Property 'title' does not exist on type 'never'.
src/pages/public/ProjectDetail.tsx(74,26): error TS2339: Property 'description' does not exist on type 'never'.
src/pages/public/ProjectDetail.tsx(86,26): error TS2339: Property 'demo_url' does not exist on type 'never'.
src/pages/public/ProjectDetail.tsx(87,36): error TS2339: Property 'demo_url' does not exist on type 'never'.
src/pages/public/ProjectDetail.tsx(87,157): error TS2353: Object literal may only specify known properties, and 'py' does not exist in type 'Properties<string | number, string & {}>'.
src/pages/public/ProjectDetail.tsx(92,26): error TS2339: Property 'github_url' does not exist on type 'never'.
src/pages/public/ProjectDetail.tsx(93,36): error TS2339: Property 'github_url' does not exist on type 'never'.
src/pages/public/ProjectDetail.tsx(93,159): error TS2353: Object literal may only specify known properties, and 'py' does not exist in type 'Properties<string | number, string & {}>'.
src/pages/public/ProjectDetail.tsx(104,28): error TS2339: Property 'tech_stack' does not exist on type 'never'.
src/pages/public/ProjectDetail.tsx(104,44): error TS7006: Parameter 't' implicitly has an 'any' type.
src/pages/public/ProjectDetail.tsx(115,30): error TS2339: Property 'profiles' does not exist on type 'never'.
src/pages/public/ProjectDetail.tsx(116,43): error TS2339: Property 'profiles' does not exist on type 'never'.
src/pages/public/ProjectDetail.tsx(116,76): error TS2339: Property 'profiles' does not exist on type 'never'.
src/pages/public/ProjectDetail.tsx(117,33): error TS2339: Property 'profiles' does not exist on type 'never'.
src/pages/public/ProjectDetail.tsx(121,90): error TS2339: Property 'profiles' does not exist on type 'never'.
src/pages/public/ProjectDetail.tsx(133,96): error TS2339: Property 'created_at' does not exist on type 'never'.
src/pages/public/Projects.tsx(3,26): error TS7016: Could not find a declaration file for module '../../utils/supabase'. 'C:/Users/dbray/samriddhi-it-club/frontend/src/utils/supabase.js' implicitly has an 'any' type.
src/pages/public/Projects.tsx(12,11): error TS2339: Property 'settings' does not exist on type '{}'.
src/pages/public/Projects.tsx(30,29): error TS2339: Property 'title' does not exist on type 'never'.
src/pages/public/Projects.tsx(31,29): error TS2339: Property 'description' does not exist on type 'never'.
src/pages/public/Projects.tsx(32,49): error TS2339: Property 'tech_stack' does not exist on type 'never'.
src/pages/public/Projects.tsx(32,66): error TS7006: Parameter 't' implicitly has an 'any' type.
src/pages/public/Projects.tsx(37,62): error TS2339: Property 'tech_stack' does not exist on type 'never'.
src/pages/public/Projects.tsx(106,41): error TS2339: Property 'id' does not exist on type 'never'.
src/pages/public/Resources.tsx(3,26): error TS7016: Could not find a declaration file for module '../../utils/supabase'. 'C:/Users/dbray/samriddhi-it-club/frontend/src/utils/supabase.js' implicitly has an 'any' type.
src/pages/public/Resources.tsx(30,29): error TS2339: Property 'title' does not exist on type 'never'.
src/pages/public/Resources.tsx(31,29): error TS2339: Property 'description' does not exist on type 'never'.
src/pages/public/Resources.tsx(32,54): error TS2339: Property 'track' does not exist on type 'never'.
src/pages/public/Resources.tsx(36,58): error TS2339: Property 'track' does not exist on type 'never'.
src/pages/public/Resources.tsx(92,66): error TS2339: Property 'id' does not exist on type 'never'.
src/pages/public/Resources.tsx(124,65): error TS2339: Property 'id' does not exist on type 'never'.
src/pages/public/Resources.tsx(177,21): error TS7031: Binding element 'title' implicitly has an 'any' type.
src/pages/public/Resources.tsx(177,28): error TS7031: Binding element 'desc' implicitly has an 'any' type.
src/pages/public/Resources.tsx(177,34): error TS7031: Binding element 'steps' implicitly has an 'any' type.
src/pages/public/Resources.tsx(177,41): error TS7031: Binding element 'color' implicitly has an 'any' type.
src/pages/public/Resources.tsx(186,21): error TS7006: Parameter 's' implicitly has an 'any' type.
src/pages/public/Resources.tsx(186,24): error TS7006: Parameter 'i' implicitly has an 'any' type.
src/pages/public/Team.tsx(3,26): error TS7016: Could not find a declaration file for module '../../utils/supabase'. 'C:/Users/dbray/samriddhi-it-club/frontend/src/utils/supabase.js' implicitly has an 'any' type.
src/pages/public/Team.tsx(28,44): error TS2339: Property 'role' does not exist on type 'never'.
src/pages/public/Team.tsx(28,70): error TS2339: Property 'oc_position' does not exist on type 'never'.
src/pages/public/Team.tsx(29,44): error TS2339: Property 'role' does not exist on type 'never'.
src/pages/public/Team.tsx(29,63): error TS2339: Property 'role' does not exist on type 'never'.
src/pages/public/Team.tsx(38,20): error TS7006: Parameter 'pos' implicitly has an 'any' type.
src/pages/public/Team.tsx(48,22): error TS2339: Property 'oc_position' does not exist on type 'never'.
src/pages/public/Team.tsx(94,40): error TS2339: Property 'id' does not exist on type 'never'.
src/pages/public/Team.tsx(114,40): error TS2339: Property 'id' does not exist on type 'never'.
